2026-06-16 10:58:54,579 - INFO - === Universe narrative tracer run ===
2026-06-16 10:58:54,579 - INFO - Args: {'limit': 0, 'skip': ['CGCL'], 'min_transcripts': 2, 'max_chars': 100000, 'dry_run': False}
2026-06-16 10:58:54,579 - INFO - Log file: logs/narrative_tracer_universe_20260616_105854.log
2026-06-16 10:58:55,260 - INFO - Found 143 companies to process (min_transcripts=2)
2026-06-16 10:58:55,260 - INFO - [1/143] ACUTAAS (9 transcripts)  elapsed=0s eta=0s
2026-06-16 11:00:50,895 - INFO -   → 17 promises upserted for ACUTAAS
2026-06-16 11:00:50,895 - INFO - [2/143] ADVAIT (9 transcripts)  elapsed=116s eta=16420s
2026-06-16 11:02:52,091 - INFO -   → 20 promises upserted for ADVAIT
2026-06-16 11:02:52,091 - INFO - [3/143] AMBER (9 transcripts)  elapsed=237s eta=16697s
2026-06-16 11:10:15,632 - INFO -   → 42 promises upserted for AMBER
2026-06-16 11:10:15,633 - INFO - [4/143] 3BBLACKBIO (9 transcripts)  elapsed=680s eta=31751s
2026-06-16 11:12:24,720 - INFO -   → 20 promises upserted for 3BBLACKBIO
2026-06-16 11:12:24,721 - INFO - [5/143] ADFFOODS (9 transcripts)  elapsed=809s eta=28129s
2026-06-16 11:14:59,451 - INFO -   → 22 promises upserted for ADFFOODS
2026-06-16 11:14:59,452 - INFO - [6/143] AEROFLEX (9 transcripts)  elapsed=964s eta=26612s
2026-06-16 11:17:55,574 - INFO -   → 26 promises upserted for AEROFLEX
2026-06-16 11:17:55,575 - INFO - [7/143] NATIONALUM (9 transcripts)  elapsed=1140s eta=26037s
2026-06-16 11:20:31,534 - INFO -   → 21 promises upserted for NATIONALUM
2026-06-16 11:20:31,535 - INFO - [8/143] ASHOKA (8 transcripts)  elapsed=1296s eta=25185s
2026-06-16 11:22:41,756 - INFO -   → 25 promises upserted for ASHOKA
2026-06-16 11:22:41,757 - INFO - [9/143] EPL (8 transcripts)  elapsed=1426s eta=24072s
2026-06-16 11:24:04,607 - INFO -   → 15 promises upserted for EPL
2026-06-16 11:24:04,608 - INFO - [10/143] MANAKCOAT (8 transcripts)  elapsed=1509s eta=22473s
2026-06-16 11:26:59,963 - INFO -   → 38 promises upserted for MANAKCOAT
2026-06-16 11:26:59,963 - INFO - [11/143] KPIL (8 transcripts)  elapsed=1685s eta=22407s
2026-06-16 11:27:20,007 - INFO -   → 1 promises upserted for KPIL
2026-06-16 11:27:20,008 - INFO - [12/143] MANORAMA (8 transcripts)  elapsed=1705s eta=20457s
2026-06-16 11:29:44,278 - INFO -   → 32 promises upserted for MANORAMA
2026-06-16 11:29:44,278 - INFO - [13/143] LUPIN (8 transcripts)  elapsed=1849s eta=20185s
2026-06-16 11:32:51,806 - INFO -   → 35 promises upserted for LUPIN
2026-06-16 11:32:51,807 - INFO - [14/143] ENGINERSIN (8 transcripts)  elapsed=2037s eta=20365s
2026-06-16 11:34:43,002 - INFO -   → 18 promises upserted for ENGINERSIN
2026-06-16 11:34:43,003 - INFO - [15/143] TBZ (8 transcripts)  elapsed=2148s eta=19790s
2026-06-16 11:36:11,025 - INFO -   → 8 promises upserted for TBZ
2026-06-16 11:36:11,026 - INFO - [16/143] BAJAJFINSV (8 transcripts)  elapsed=2236s eta=19079s
2026-06-16 11:38:01,015 - INFO -   → 18 promises upserted for BAJAJFINSV
2026-06-16 11:38:01,016 - INFO - [17/143] ITC (8 transcripts)  elapsed=2346s eta=18619s
2026-06-16 11:39:24,529 - INFO -   → 15 promises upserted for ITC
2026-06-16 11:39:24,530 - INFO - [18/143] HINDUNILVR (8 transcripts)  elapsed=2429s eta=18005s
2026-06-16 11:41:26,507 - INFO -   → 18 promises upserted for HINDUNILVR
2026-06-16 11:41:26,508 - INFO - [19/143] SJS (8 transcripts)  elapsed=2551s eta=17717s
2026-06-16 11:43:41,981 - INFO -   → 22 promises upserted for SJS
2026-06-16 11:43:41,982 - INFO - [20/143] GRAPHITE (8 transcripts)  elapsed=2687s eta=17534s
2026-06-16 11:45:39,082 - INFO -   → 21 promises upserted for GRAPHITE
2026-06-16 11:45:39,083 - INFO - [21/143] CIPLA (8 transcripts)  elapsed=2804s eta=17244s
2026-06-16 11:47:56,306 - ERROR -   FAILED CIPLA: StringDataRightTruncation: value too long for type character varying(32)

2026-06-16 11:47:56,309 - ERROR - Traceback (most recent call last):
  File "/home/immanuels/Desktop/mri-int/scripts/run_narrative_tracer_universe.py", line 114, in main
    upserted = upsert_timeline(symbol, promises)
               ^^^^^^^^^^^^^^^^^^^^^^^^^^^^^^^^^
  File "/home/immanuels/Desktop/mri-int/engine_guidance/narrative_tracer.py", line 492, in upsert_timeline
    cur.execute(
  File "/home/immanuels/Desktop/mri-int/venv/lib/python3.12/site-packages/psycopg2/extras.py", line 236, in execute
    return super().execute(query, vars)
           ^^^^^^^^^^^^^^^^^^^^^^^^^^^^
psycopg2.errors.StringDataRightTruncation: value too long for type character varying(32)


2026-06-16 11:47:56,310 - INFO - [22/143] DMART (8 transcripts)  elapsed=2941s eta=17086s
2026-06-16 11:48:08,729 - INFO - [23/143] BEL (8 transcripts)  elapsed=2953s eta=16244s
2026-06-16 11:51:20,000 - INFO -   → 39 promises upserted for BEL
2026-06-16 11:51:20,000 - INFO - [24/143] TVSMOTOR (8 transcripts)  elapsed=3145s eta=16407s
2026-06-16 11:53:24,412 - INFO -   → 22 promises upserted for TVSMOTOR
2026-06-16 11:53:24,413 - INFO - [25/143] VEDL (8 transcripts)  elapsed=3269s eta=16210s
2026-06-16 11:58:38,250 - INFO -   → 34 promises upserted for VEDL
2026-06-16 11:58:38,250 - INFO - [26/143] KPEL (8 transcripts)  elapsed=3583s eta=16912s
2026-06-16 12:00:50,614 - INFO -   → 21 promises upserted for KPEL
2026-06-16 12:00:50,615 - INFO - [27/143] KTKBANK (8 transcripts)  elapsed=3715s eta=16719s
2026-06-16 12:03:42,682 - INFO -   → 28 promises upserted for KTKBANK
2026-06-16 12:03:42,682 - INFO - [28/143] QUESS (8 transcripts)  elapsed=3887s eta=16702s
2026-06-16 12:05:53,035 - INFO -   → 21 promises upserted for QUESS
2026-06-16 12:05:53,035 - INFO - [29/143] PFS (8 transcripts)  elapsed=4018s eta=16502s
2026-06-16 12:08:40,163 - INFO -   → 32 promises upserted for PFS
2026-06-16 12:08:40,163 - INFO - [30/143] MPHASIS (8 transcripts)  elapsed=4185s eta=16451s
2026-06-16 12:10:07,696 - INFO -   → 12 promises upserted for MPHASIS
2026-06-16 12:10:07,696 - INFO - [31/143] WAAREEENER (8 transcripts)  elapsed=4272s eta=16093s
2026-06-16 12:14:17,156 - INFO -   → 28 promises upserted for WAAREEENER
2026-06-16 12:14:17,157 - INFO - [32/143] BAJAJCON (8 transcripts)  elapsed=4522s eta=16337s
2026-06-16 12:15:58,243 - INFO -   → 16 promises upserted for BAJAJCON
2026-06-16 12:15:58,243 - INFO - [33/143] CGPOWER (8 transcripts)  elapsed=4623s eta=16036s
2026-06-16 12:18:48,847 - INFO -   → 36 promises upserted for CGPOWER
2026-06-16 12:18:48,847 - INFO - [34/143] RTNINDIA (8 transcripts)  elapsed=4794s eta=15979s
2026-06-16 12:19:54,888 - INFO -   → 11 promises upserted for RTNINDIA
2026-06-16 12:19:54,888 - INFO - [35/143] TDPOWERSYS (8 transcripts)  elapsed=4860s eta=15579s
2026-06-16 12:22:34,800 - INFO -   → 37 promises upserted for TDPOWERSYS
2026-06-16 12:22:34,800 - INFO - [36/143] GRANULES (8 transcripts)  elapsed=5020s eta=15489s
2026-06-16 12:23:46,747 - INFO -   → 14 promises upserted for GRANULES
2026-06-16 12:23:46,748 - INFO - [37/143] RAMRAT (8 transcripts)  elapsed=5091s eta=15133s
2026-06-16 12:25:25,685 - INFO -   → 19 promises upserted for RAMRAT
2026-06-16 12:25:25,686 - INFO - [38/143] GRMOVER (8 transcripts)  elapsed=5190s eta=14870s
2026-06-16 12:26:44,137 - INFO -   → 16 promises upserted for GRMOVER
2026-06-16 12:26:44,137 - INFO - [39/143] AMRUTANJAN (8 transcripts)  elapsed=5269s eta=14559s
2026-06-16 12:27:29,037 - INFO -   → 9 promises upserted for AMRUTANJAN
2026-06-16 12:27:29,038 - INFO - [40/143] TITAN (8 transcripts)  elapsed=5314s eta=14170s
2026-06-16 12:29:05,575 - INFO -   → 14 promises upserted for TITAN
2026-06-16 12:29:05,576 - INFO - [41/143] INFY (8 transcripts)  elapsed=5410s eta=13932s
2026-06-16 12:30:38,690 - INFO -   → 13 promises upserted for INFY
2026-06-16 12:30:38,691 - INFO - [42/143] APARINDS (8 transcripts)  elapsed=5503s eta=13691s
2026-06-16 12:33:11,501 - INFO -   → 22 promises upserted for APARINDS
2026-06-16 12:33:11,501 - INFO - [43/143] DATAPATTNS (8 transcripts)  elapsed=5656s eta=13602s
2026-06-16 12:34:53,008 - INFO -   → 12 promises upserted for DATAPATTNS
2026-06-16 12:34:53,008 - INFO - [44/143] TI (8 transcripts)  elapsed=5758s eta=13390s
2026-06-16 12:37:13,976 - INFO -   → 31 promises upserted for TI
2026-06-16 12:37:13,977 - INFO - [45/143] SUZLON (8 transcripts)  elapsed=5899s eta=13272s
2026-06-16 12:38:53,630 - INFO -   → 21 promises upserted for SUZLON
2026-06-16 12:38:53,630 - INFO - [46/143] CCL (8 transcripts)  elapsed=5998s eta=13063s
2026-06-16 12:41:53,362 - INFO -   → 17 promises upserted for CCL
2026-06-16 12:41:53,363 - INFO - [47/143] DIVISLAB (8 transcripts)  elapsed=6178s eta=13028s
2026-06-16 12:43:32,891 - INFO -   → 17 promises upserted for DIVISLAB
2026-06-16 12:43:32,892 - INFO - [48/143] TCS (8 transcripts)  elapsed=6278s eta=12822s
2026-06-16 12:45:23,281 - INFO -   → 19 promises upserted for TCS
2026-06-16 12:45:23,281 - INFO - [49/143] MCX (8 transcripts)  elapsed=6388s eta=12643s
2026-06-16 12:46:58,198 - INFO -   → 16 promises upserted for MCX
2026-06-16 12:46:58,198 - INFO - [50/143] LUMAXTECH (8 transcripts)  elapsed=6483s eta=12437s
2026-06-16 12:48:47,857 - INFO -   → 18 promises upserted for LUMAXTECH
2026-06-16 12:48:47,858 - INFO - [51/143] TIMETECHNO (8 transcripts)  elapsed=6593s eta=12262s
2026-06-16 12:50:58,478 - INFO -   → 24 promises upserted for TIMETECHNO
2026-06-16 12:50:58,478 - INFO - [52/143] NAM-INDIA (8 transcripts)  elapsed=6723s eta=12128s
2026-06-16 12:53:10,120 - INFO -   → 17 promises upserted for NAM-INDIA
2026-06-16 12:53:10,121 - INFO - [53/143] SHAILY (8 transcripts)  elapsed=6855s eta=11996s
2026-06-16 12:56:23,717 - INFO -   → 44 promises upserted for SHAILY
2026-06-16 12:56:23,717 - INFO - [54/143] CUMMINSIND (8 transcripts)  elapsed=7048s eta=11969s
2026-06-16 12:57:35,888 - INFO -   → 11 promises upserted for CUMMINSIND
2026-06-16 12:57:35,889 - INFO - [55/143] WAAREERTL (8 transcripts)  elapsed=7121s eta=11736s
2026-06-16 12:58:58,767 - INFO -   → 13 promises upserted for WAAREERTL
2026-06-16 12:58:58,767 - INFO - [56/143] CUPID (8 transcripts)  elapsed=7204s eta=11526s
2026-06-16 13:01:43,944 - INFO -   → 43 promises upserted for CUPID
2026-06-16 13:01:43,945 - INFO - [57/143] SHAKTIPUMP (8 transcripts)  elapsed=7369s eta=11448s
2026-06-16 13:03:26,505 - INFO -   → 17 promises upserted for SHAKTIPUMP
2026-06-16 13:03:26,505 - INFO - [58/143] MUTHOOTFIN (8 transcripts)  elapsed=7471s eta=11272s
2026-06-16 13:04:41,022 - INFO -   → 12 promises upserted for MUTHOOTFIN
2026-06-16 13:04:41,022 - INFO - [59/143] VISHNU (8 transcripts)  elapsed=7546s eta=11058s
2026-06-16 13:07:13,045 - INFO -   → 27 promises upserted for VISHNU
2026-06-16 13:07:13,046 - INFO - [60/143] AGI (8 transcripts)  elapsed=7698s eta=10960s
2026-06-16 13:08:49,978 - INFO -   → 13 promises upserted for AGI
2026-06-16 13:08:49,979 - INFO - [61/143] RPTECH (8 transcripts)  elapsed=7795s eta=10783s
2026-06-16 13:10:36,647 - INFO -   → 11 promises upserted for RPTECH
2026-06-16 13:10:36,647 - INFO - [62/143] SANDHAR (8 transcripts)  elapsed=7901s eta=10622s
2026-06-16 13:13:50,992 - INFO -   → 37 promises upserted for SANDHAR
2026-06-16 13:13:50,993 - INFO - [63/143] JSWDULUX (7 transcripts)  elapsed=8096s eta=10577s
2026-06-16 13:15:09,843 - INFO -   → 16 promises upserted for JSWDULUX
2026-06-16 13:15:09,843 - INFO - [64/143] HSCL (7 transcripts)  elapsed=8175s eta=10380s
2026-06-16 13:17:36,722 - INFO -   → 20 promises upserted for HSCL
2026-06-16 13:17:36,722 - INFO - [65/143] WESTLIFE (7 transcripts)  elapsed=8321s eta=10272s
2026-06-16 13:18:47,489 - INFO -   → 12 promises upserted for WESTLIFE
2026-06-16 13:18:47,490 - INFO - [66/143] POONAWALLA (7 transcripts)  elapsed=8392s eta=10071s
2026-06-16 13:20:49,368 - INFO -   → 21 promises upserted for POONAWALLA
2026-06-16 13:20:49,369 - INFO - [67/143] TMPV (7 transcripts)  elapsed=8514s eta=9933s
2026-06-16 13:23:24,434 - INFO -   → 26 promises upserted for TMPV
2026-06-16 13:23:24,435 - INFO - [68/143] SMCGLOBAL (7 transcripts)  elapsed=8669s eta=9834s
2026-06-16 13:24:16,361 - INFO -   → 11 promises upserted for SMCGLOBAL
2026-06-16 13:24:16,362 - INFO - [69/143] ZENSARTECH (7 transcripts)  elapsed=8721s eta=9619s
2026-06-16 13:25:13,224 - INFO -   → 10 promises upserted for ZENSARTECH
2026-06-16 13:25:13,225 - INFO - [70/143] LLOYDSME (7 transcripts)  elapsed=8778s eta=9414s
2026-06-16 13:26:38,714 - INFO -   → 13 promises upserted for LLOYDSME
2026-06-16 13:26:38,715 - INFO - [71/143] AVANTIFEED (7 transcripts)  elapsed=8863s eta=9243s
2026-06-16 13:27:51,615 - INFO -   → 14 promises upserted for AVANTIFEED
2026-06-16 13:27:51,615 - INFO - [72/143] EIHAHOTELS (7 transcripts)  elapsed=8936s eta=9062s
2026-06-16 13:28:16,372 - INFO -   → 3 promises upserted for EIHAHOTELS
2026-06-16 13:28:16,373 - INFO - [73/143] SKYGOLD (7 transcripts)  elapsed=8961s eta=8837s
2026-06-16 13:30:58,202 - INFO -   → 28 promises upserted for SKYGOLD
2026-06-16 13:30:58,203 - INFO - [74/143] GVT&D (7 transcripts)  elapsed=9123s eta=8748s
2026-06-16 13:32:15,471 - INFO -   → 14 promises upserted for GVT&D
2026-06-16 13:32:15,473 - INFO - [75/143] GENUSPOWER (7 transcripts)  elapsed=9200s eta=8579s
2026-06-16 13:34:20,256 - INFO -   → 26 promises upserted for GENUSPOWER
2026-06-16 13:34:20,257 - INFO - [76/143] HERITGFOOD (7 transcripts)  elapsed=9325s eta=8455s
2026-06-16 13:36:15,877 - INFO -   → 18 promises upserted for HERITGFOOD
2026-06-16 13:36:15,877 - INFO - [77/143] NAUKRI (7 transcripts)  elapsed=9441s eta=8323s
2026-06-16 13:37:41,530 - INFO -   → 15 promises upserted for NAUKRI
2026-06-16 13:37:41,531 - INFO - [78/143] ARIS (7 transcripts)  elapsed=9526s eta=8165s
2026-06-16 13:38:49,330 - INFO -   → 11 promises upserted for ARIS
2026-06-16 13:38:49,331 - INFO - [79/143] IIFL (7 transcripts)  elapsed=9594s eta=7995s
2026-06-16 13:41:41,374 - INFO -   → 42 promises upserted for IIFL
2026-06-16 13:41:41,374 - INFO - [80/143] OLECTRA (7 transcripts)  elapsed=9766s eta=7912s
2026-06-16 13:42:28,615 - INFO -   → 8 promises upserted for OLECTRA
2026-06-16 13:42:28,616 - INFO - [81/143] EXPLEOSOL (7 transcripts)  elapsed=9813s eta=7728s
2026-06-16 13:42:38,028 - INFO - [82/143] TARIL (7 transcripts)  elapsed=9823s eta=7519s
2026-06-16 13:44:14,281 - INFO -   → 18 promises upserted for TARIL
2026-06-16 13:44:14,282 - INFO - [83/143] WELCORP (7 transcripts)  elapsed=9919s eta=7379s
2026-06-16 13:46:16,801 - INFO -   → 25 promises upserted for WELCORP
2026-06-16 13:46:16,802 - INFO - [84/143] ARVINDFASN (7 transcripts)  elapsed=10042s eta=7259s
2026-06-16 13:47:47,602 - INFO -   → 12 promises upserted for ARVINDFASN
2026-06-16 13:47:47,603 - INFO - [85/143] KMEW (7 transcripts)  elapsed=10132s eta=7117s
2026-06-16 13:49:25,719 - INFO -   → 20 promises upserted for KMEW
2026-06-16 13:49:25,719 - INFO - [86/143] KEC (7 transcripts)  elapsed=10230s eta=6981s
2026-06-16 13:50:37,727 - INFO -   → 11 promises upserted for KEC
2026-06-16 13:50:37,727 - INFO - [87/143] DEEPAKFERT (7 transcripts)  elapsed=10302s eta=6828s
2026-06-16 13:51:57,791 - INFO -   → 13 promises upserted for DEEPAKFERT
2026-06-16 13:51:57,792 - INFO - [88/143] SOUTHBANK (7 transcripts)  elapsed=10383s eta=6683s
2026-06-16 13:53:14,947 - INFO -   → 12 promises upserted for SOUTHBANK
2026-06-16 13:53:14,948 - INFO - [89/143] ANGELONE (7 transcripts)  elapsed=10460s eta=6537s
2026-06-16 13:53:28,299 - INFO - [90/143] JMFINANCIL (7 transcripts)  elapsed=10473s eta=6354s
2026-06-16 13:56:06,612 - INFO -   → 30 promises upserted for JMFINANCIL
2026-06-16 13:56:06,612 - INFO - [91/143] KPIGREEN (7 transcripts)  elapsed=10631s eta=6261s
2026-06-16 13:58:41,084 - INFO -   → 23 promises upserted for KPIGREEN
2026-06-16 13:58:41,084 - INFO - [92/143] NATCOPHARM (7 transcripts)  elapsed=10786s eta=6163s
2026-06-16 14:00:01,390 - INFO -   → 13 promises upserted for NATCOPHARM
2026-06-16 14:00:01,391 - INFO - [93/143] LTFOODS (7 transcripts)  elapsed=10866s eta=6024s
2026-06-16 14:01:11,782 - INFO -   → 17 promises upserted for LTFOODS
2026-06-16 14:01:11,783 - INFO - [94/143] FRONTSP (7 transcripts)  elapsed=10937s eta=5880s
2026-06-16 14:02:40,807 - ERROR -   FAILED FRONTSP: StringDataRightTruncation: value too long for type character varying(16)

2026-06-16 14:02:40,810 - ERROR - Traceback (most recent call last):
  File "/home/immanuels/Desktop/mri-int/scripts/run_narrative_tracer_universe.py", line 114, in main
    upserted = upsert_timeline(symbol, promises)
               ^^^^^^^^^^^^^^^^^^^^^^^^^^^^^^^^^
  File "/home/immanuels/Desktop/mri-int/engine_guidance/narrative_tracer.py", line 492, in upsert_timeline
    cur.execute(
  File "/home/immanuels/Desktop/mri-int/venv/lib/python3.12/site-packages/psycopg2/extras.py", line 236, in execute
    return super().execute(query, vars)
           ^^^^^^^^^^^^^^^^^^^^^^^^^^^^
psycopg2.errors.StringDataRightTruncation: value too long for type character varying(16)


2026-06-16 14:02:40,811 - INFO - [95/143] POCL (7 transcripts)  elapsed=11026s eta=5747s
2026-06-16 14:05:01,999 - ERROR -   FAILED POCL: StringDataRightTruncation: value too long for type character varying(64)

2026-06-16 14:05:02,002 - ERROR - Traceback (most recent call last):
  File "/home/immanuels/Desktop/mri-int/scripts/run_narrative_tracer_universe.py", line 114, in main
    upserted = upsert_timeline(symbol, promises)
               ^^^^^^^^^^^^^^^^^^^^^^^^^^^^^^^^^
  File "/home/immanuels/Desktop/mri-int/engine_guidance/narrative_tracer.py", line 492, in upsert_timeline
    cur.execute(
  File "/home/immanuels/Desktop/mri-int/venv/lib/python3.12/site-packages/psycopg2/extras.py", line 236, in execute
    return super().execute(query, vars)
           ^^^^^^^^^^^^^^^^^^^^^^^^^^^^
psycopg2.errors.StringDataRightTruncation: value too long for type character varying(64)


2026-06-16 14:05:02,003 - INFO - [96/143] ZYDUSLIFE (7 transcripts)  elapsed=11167s eta=5642s
2026-06-16 14:06:42,152 - INFO -   → 27 promises upserted for ZYDUSLIFE
2026-06-16 14:06:42,152 - INFO - [97/143] TIPSMUSIC (7 transcripts)  elapsed=11267s eta=5516s
2026-06-16 14:07:54,272 - INFO -   → 18 promises upserted for TIPSMUSIC
2026-06-16 14:07:54,273 - INFO - [98/143] SHILCTECH (7 transcripts)  elapsed=11339s eta=5377s
2026-06-16 14:09:22,861 - INFO -   → 25 promises upserted for SHILCTECH
2026-06-16 14:09:22,862 - INFO - [99/143] POLYCAB (7 transcripts)  elapsed=11428s eta=5247s
2026-06-16 14:10:59,704 - INFO -   → 17 promises upserted for POLYCAB
2026-06-16 14:10:59,705 - INFO - [100/143] SHARDACROP (7 transcripts)  elapsed=11524s eta=5122s
2026-06-16 14:11:36,668 - INFO -   → 6 promises upserted for SHARDACROP
2026-06-16 14:11:36,668 - INFO - [101/143] SKIPPER (7 transcripts)  elapsed=11561s eta=4971s
2026-06-16 14:13:41,320 - INFO -   → 21 promises upserted for SKIPPER
2026-06-16 14:13:41,321 - INFO - [102/143] NAVINFLUOR (7 transcripts)  elapsed=11686s eta=4860s
2026-06-16 14:14:46,591 - INFO -   → 13 promises upserted for NAVINFLUOR
2026-06-16 14:14:46,591 - INFO - [103/143] FIEMIND (7 transcripts)  elapsed=11751s eta=4724s
2026-06-16 14:16:06,981 - INFO -   → 14 promises upserted for FIEMIND
2026-06-16 14:16:06,981 - INFO - [104/143] HINDZINC (7 transcripts)  elapsed=11832s eta=4595s
2026-06-16 14:18:33,763 - INFO -   → 35 promises upserted for HINDZINC
2026-06-16 14:18:33,764 - INFO - [105/143] CARRARO (6 transcripts)  elapsed=11979s eta=4492s
2026-06-16 14:19:27,451 - INFO -   → 13 promises upserted for CARRARO
2026-06-16 14:19:27,452 - INFO - [106/143] KIRLOSENG (6 transcripts)  elapsed=12032s eta=4355s
2026-06-16 14:20:51,907 - INFO -   → 18 promises upserted for KIRLOSENG
2026-06-16 14:20:51,908 - INFO - [107/143] UGROCAP (6 transcripts)  elapsed=12117s eta=4229s
2026-06-16 14:22:13,697 - INFO -   → 22 promises upserted for UGROCAP
2026-06-16 14:22:13,698 - INFO - [108/143] SGFIN (6 transcripts)  elapsed=12198s eta=4104s
2026-06-16 14:23:53,154 - INFO -   → 29 promises upserted for SGFIN
2026-06-16 14:23:53,154 - INFO - [109/143] SKFINDIA (6 transcripts)  elapsed=12298s eta=3985s
2026-06-16 14:25:35,014 - INFO -   → 18 promises upserted for SKFINDIA
2026-06-16 14:25:35,014 - INFO - [110/143] VINATIORGA (6 transcripts)  elapsed=12400s eta=3868s
2026-06-16 14:30:11,109 - INFO -   → 39 promises upserted for VINATIORGA
2026-06-16 14:30:11,110 - INFO - [111/143] HIRECT (6 transcripts)  elapsed=12676s eta=3803s
2026-06-16 14:31:19,083 - INFO -   → 13 promises upserted for HIRECT
2026-06-16 14:31:19,084 - INFO - [112/143] SONATSOFTW (6 transcripts)  elapsed=12744s eta=3674s
2026-06-16 14:32:27,410 - INFO -   → 17 promises upserted for SONATSOFTW
2026-06-16 14:32:27,411 - INFO - [113/143] ACE (6 transcripts)  elapsed=12812s eta=3546s
2026-06-16 14:32:47,022 - INFO -   → 1 promises upserted for ACE
2026-06-16 14:32:47,022 - INFO - [114/143] QPOWER (6 transcripts)  elapsed=12832s eta=3407s
2026-06-16 14:35:02,269 - INFO -   → 34 promises upserted for QPOWER
2026-06-16 14:35:02,270 - INFO - [115/143] KEI (6 transcripts)  elapsed=12967s eta=3299s
2026-06-16 14:36:30,273 - INFO -   → 18 promises upserted for KEI
2026-06-16 14:36:30,274 - INFO - [116/143] DRREDDY (6 transcripts)  elapsed=13055s eta=3179s
2026-06-16 14:39:08,214 - INFO -   → 28 promises upserted for DRREDDY
2026-06-16 14:39:08,215 - INFO - [117/143] NETWEB (6 transcripts)  elapsed=13213s eta=3075s
2026-06-16 14:40:15,538 - INFO -   → 10 promises upserted for NETWEB
2026-06-16 14:40:15,543 - INFO - [118/143] BALUFORGE (6 transcripts)  elapsed=13280s eta=2951s
2026-06-16 14:41:39,286 - INFO -   → 17 promises upserted for BALUFORGE
2026-06-16 14:41:39,287 - INFO - [119/143] SAATVIKGL (5 transcripts)  elapsed=13364s eta=2831s
2026-06-16 14:43:41,875 - INFO -   → 22 promises upserted for SAATVIKGL
2026-06-16 14:43:41,876 - INFO - [120/143] TRENT (5 transcripts)  elapsed=13487s eta=2720s
2026-06-16 14:44:06,082 - INFO -   → 5 promises upserted for TRENT
2026-06-16 14:44:06,082 - INFO - [121/143] PGHH (5 transcripts)  elapsed=13511s eta=2590s
2026-06-16 14:44:16,618 - INFO - [122/143] IFBIND (5 transcripts)  elapsed=13521s eta=2458s
2026-06-16 14:46:37,253 - INFO -   → 38 promises upserted for IFBIND
2026-06-16 14:46:37,254 - INFO - [123/143] SRM (5 transcripts)  elapsed=13662s eta=2352s
2026-06-16 14:47:48,839 - INFO -   → 28 promises upserted for SRM
2026-06-16 14:47:48,840 - INFO - [124/143] CPPLUS (5 transcripts)  elapsed=13734s eta=2233s
2026-06-16 14:49:56,245 - INFO -   → 28 promises upserted for CPPLUS
2026-06-16 14:49:56,246 - INFO - [125/143] GILLETTE (5 transcripts)  elapsed=13861s eta=2124s
2026-06-16 14:50:05,798 - INFO - [126/143] TMCV (5 transcripts)  elapsed=13871s eta=1997s
2026-06-16 14:50:59,701 - INFO -   → 12 promises upserted for TMCV
2026-06-16 14:50:59,702 - INFO - [127/143] MCLOUD (5 transcripts)  elapsed=13924s eta=1879s
2026-06-16 14:51:30,842 - INFO -   → 7 promises upserted for MCLOUD
2026-06-16 14:51:30,842 - INFO - [128/143] HINDALCO (5 transcripts)  elapsed=13956s eta=1758s
2026-06-16 14:52:38,401 - INFO -   → 12 promises upserted for HINDALCO
2026-06-16 14:52:38,402 - INFO - [129/143] KERNEX (4 transcripts)  elapsed=14023s eta=1643s
2026-06-16 14:53:11,001 - INFO -   → 10 promises upserted for KERNEX
2026-06-16 14:53:11,002 - INFO - [130/143] SIGMA (4 transcripts)  elapsed=14056s eta=1525s
2026-06-16 14:53:56,471 - INFO -   → 14 promises upserted for SIGMA
2026-06-16 14:53:56,472 - INFO - [131/143] BSE (4 transcripts)  elapsed=14101s eta=1410s
2026-06-16 14:54:01,481 - INFO - [132/143] HBLENGINE (4 transcripts)  elapsed=14106s eta=1292s
2026-06-16 14:54:43,864 - INFO -   → 11 promises upserted for HBLENGINE
2026-06-16 14:54:43,865 - INFO - [133/143] GROWW (4 transcripts)  elapsed=14149s eta=1179s
2026-06-16 14:55:33,833 - INFO -   → 10 promises upserted for GROWW
2026-06-16 14:55:33,834 - INFO - [134/143] WEBELSOLAR (4 transcripts)  elapsed=14199s eta=1068s
2026-06-16 14:56:14,536 - INFO -   → 8 promises upserted for WEBELSOLAR
2026-06-16 14:56:14,537 - INFO - [135/143] ICEMAKE (3 transcripts)  elapsed=14239s eta=956s
2026-06-16 14:56:53,419 - INFO -   → 14 promises upserted for ICEMAKE
2026-06-16 14:56:53,419 - INFO - [136/143] JAYNECOIND (3 transcripts)  elapsed=14278s eta=846s
2026-06-16 14:58:22,697 - INFO -   → 19 promises upserted for JAYNECOIND
2026-06-16 14:58:22,698 - INFO - [137/143] SANOFICONR (3 transcripts)  elapsed=14367s eta=740s
2026-06-16 14:59:01,569 - INFO -   → 10 promises upserted for SANOFICONR
2026-06-16 14:59:01,570 - INFO - [138/143] RUBICON (3 transcripts)  elapsed=14406s eta=631s
2026-06-16 14:59:34,007 - INFO -   → 10 promises upserted for RUBICON
2026-06-16 14:59:34,007 - INFO - [139/143] 360ONE (2 transcripts)  elapsed=14439s eta=523s
2026-06-16 14:59:53,621 - INFO -   → 9 promises upserted for 360ONE
2026-06-16 14:59:53,622 - INFO - [140/143] AARTIIND (2 transcripts)  elapsed=14458s eta=416s
2026-06-16 15:00:23,836 - INFO -   → 10 promises upserted for AARTIIND
2026-06-16 15:00:23,836 - INFO - [141/143] MACPOWER (2 transcripts)  elapsed=14489s eta=310s
2026-06-16 15:01:01,721 - INFO -   → 13 promises upserted for MACPOWER
2026-06-16 15:01:01,722 - INFO - [142/143] TAJGVK (2 transcripts)  elapsed=14526s eta=206s
2026-06-16 15:01:20,705 - INFO -   → 10 promises upserted for TAJGVK
2026-06-16 15:01:20,706 - INFO - [143/143] RELIANCE (2 transcripts)  elapsed=14545s eta=102s
2026-06-16 15:02:05,256 - INFO -   → 28 promises upserted for RELIANCE
