=== MRI Cloud Pipeline — Tuesday 28 April 2026 11:09:52 AM IST ===
[1/5] Ingesting today's market data...
<stdin>:1: DeprecationWarning: 
Pyarrow will become a required dependency of pandas in the next major release of pandas (pandas 3.0),
(to allow more performant data types, such as the Arrow string type, and better interoperability with other libraries)
but was not found to be installed on your system.
If this would cause problems for you,
please provide us feedback at https://github.com/pandas-dev/pandas/issues/54466
        
/home/immanuels/Documents/mri-int-1/venv/lib/python3.12/site-packages/requests/__init__.py:109: RequestsDependencyWarning: urllib3 (2.6.3) or chardet (7.4.3)/charset_normalizer (3.4.7) doesn't match a supported version!
  warnings.warn(
INFO:engine_core.ingestion_engine:📡 [engine_core] Ingesting Index Data...
INFO:engine_core.db:✅ Core schema initialized (market_index_prices hardened)
INFO:engine_core.ingestion_engine:  ✅ NIFTY50 synced (299 rows).
INFO:engine_core.ingestion_engine:  ✅ SENSEX synced (299 rows).
INFO:engine_core.ingestion_engine:📡 [engine_core] Processing 500 stocks (CSV list)...
WARNING:engine_core.ingestion_engine:  ⚠️ ABFRL rejected by Audit: Detected suspicious >50% price spike
INFO:engine_core.ingestion_engine:✅ CSV Ingestion Complete: 499/500 symbols synced.
[2/5] Running Indicator Engine...
/home/immanuels/Documents/mri-int-1/engine_core/indicator_engine.py:5: DeprecationWarning: 
Pyarrow will become a required dependency of pandas in the next major release of pandas (pandas 3.0),
(to allow more performant data types, such as the Arrow string type, and better interoperability with other libraries)
but was not found to be installed on your system.
If this would cause problems for you,
please provide us feedback at https://github.com/pandas-dev/pandas/issues/54466
        
  import pandas as pd
2026-04-28 11:14:15,441 - INFO - Starting validated indicator recomputation
2026-04-28 11:14:19,300 - INFO - Found 892 symbols with NULL indicators
2026-04-28 11:14:19,301 - INFO - Processing indicator batch 1 (25 symbols)
2026-04-28 11:14:19,704 - INFO - Computing indicators for 25 symbols with missing data
2026-04-28 11:14:21,922 - INFO - Prepared 1500 indicator updates across 25 symbols (persisting last 60 rows per symbol)
2026-04-28 11:14:23,376 - INFO - Wrote 1500 indicator updates to DB
2026-04-28 11:14:27,125 - INFO - Update verification rate: 50/50 (100.0%)
2026-04-28 11:14:27,126 - INFO - Completed batch 1: 1500 updates written; running total 1500
2026-04-28 11:14:27,127 - INFO - Processing indicator batch 2 (25 symbols)
2026-04-28 11:14:27,531 - INFO - Computing indicators for 25 symbols with missing data
2026-04-28 11:14:30,220 - INFO - Prepared 1500 indicator updates across 25 symbols (persisting last 60 rows per symbol)
2026-04-28 11:14:31,520 - INFO - Wrote 1500 indicator updates to DB
2026-04-28 11:14:35,297 - INFO - Update verification rate: 50/50 (100.0%)
2026-04-28 11:14:35,299 - INFO - Completed batch 2: 1500 updates written; running total 3000
2026-04-28 11:14:35,299 - INFO - Processing indicator batch 3 (25 symbols)
2026-04-28 11:14:35,674 - INFO - Computing indicators for 25 symbols with missing data
2026-04-28 11:14:37,535 - INFO - Prepared 1500 indicator updates across 25 symbols (persisting last 60 rows per symbol)
2026-04-28 11:14:38,885 - INFO - Wrote 1500 indicator updates to DB
2026-04-28 11:14:42,267 - INFO - Update verification rate: 50/50 (100.0%)
2026-04-28 11:14:42,268 - INFO - Completed batch 3: 1500 updates written; running total 4500
2026-04-28 11:14:42,268 - INFO - Processing indicator batch 4 (25 symbols)
2026-04-28 11:14:42,756 - INFO - Computing indicators for 25 symbols with missing data
2026-04-28 11:14:45,651 - INFO - Prepared 1500 indicator updates across 25 symbols (persisting last 60 rows per symbol)
2026-04-28 11:14:47,497 - INFO - Wrote 1500 indicator updates to DB
2026-04-28 11:14:51,293 - INFO - Update verification rate: 50/50 (100.0%)
2026-04-28 11:14:51,294 - INFO - Completed batch 4: 1500 updates written; running total 6000
2026-04-28 11:14:51,295 - INFO - Processing indicator batch 5 (25 symbols)
2026-04-28 11:14:51,658 - INFO - Computing indicators for 25 symbols with missing data
2026-04-28 11:14:53,922 - INFO - Prepared 1500 indicator updates across 25 symbols (persisting last 60 rows per symbol)
2026-04-28 11:14:55,217 - INFO - Wrote 1500 indicator updates to DB
2026-04-28 11:14:58,573 - INFO - Update verification rate: 50/50 (100.0%)
2026-04-28 11:14:58,574 - INFO - Completed batch 5: 1500 updates written; running total 7500
2026-04-28 11:14:58,575 - INFO - Processing indicator batch 6 (25 symbols)
2026-04-28 11:14:58,945 - INFO - Computing indicators for 25 symbols with missing data
2026-04-28 11:15:01,374 - INFO - Prepared 1500 indicator updates across 25 symbols (persisting last 60 rows per symbol)
2026-04-28 11:15:02,853 - INFO - Wrote 1500 indicator updates to DB
2026-04-28 11:15:06,692 - INFO - Update verification rate: 50/50 (100.0%)
2026-04-28 11:15:06,694 - INFO - Completed batch 6: 1500 updates written; running total 9000
2026-04-28 11:15:06,694 - INFO - Processing indicator batch 7 (25 symbols)
2026-04-28 11:15:07,071 - INFO - Computing indicators for 25 symbols with missing data
2026-04-28 11:15:09,597 - INFO - Prepared 1500 indicator updates across 25 symbols (persisting last 60 rows per symbol)
2026-04-28 11:15:12,051 - INFO - Wrote 1500 indicator updates to DB
2026-04-28 11:15:15,870 - INFO - Update verification rate: 50/50 (100.0%)
2026-04-28 11:15:15,872 - INFO - Completed batch 7: 1500 updates written; running total 10500
2026-04-28 11:15:15,872 - INFO - Processing indicator batch 8 (25 symbols)
2026-04-28 11:15:16,239 - INFO - Computing indicators for 25 symbols with missing data
2026-04-28 11:15:18,385 - INFO - Prepared 1500 indicator updates across 25 symbols (persisting last 60 rows per symbol)
2026-04-28 11:15:19,812 - INFO - Wrote 1500 indicator updates to DB
2026-04-28 11:15:23,587 - INFO - Update verification rate: 50/50 (100.0%)
2026-04-28 11:15:23,589 - INFO - Completed batch 8: 1500 updates written; running total 12000
2026-04-28 11:15:23,590 - INFO - Processing indicator batch 9 (25 symbols)
2026-04-28 11:15:23,961 - INFO - Computing indicators for 25 symbols with missing data
2026-04-28 11:15:26,028 - INFO - Prepared 1500 indicator updates across 25 symbols (persisting last 60 rows per symbol)
2026-04-28 11:15:27,474 - INFO - Wrote 1500 indicator updates to DB
2026-04-28 11:15:33,054 - INFO - Update verification rate: 50/50 (100.0%)
2026-04-28 11:15:33,055 - INFO - Completed batch 9: 1500 updates written; running total 13500
2026-04-28 11:15:33,056 - INFO - Processing indicator batch 10 (25 symbols)
2026-04-28 11:15:33,460 - INFO - Computing indicators for 25 symbols with missing data
2026-04-28 11:15:35,557 - INFO - Prepared 1500 indicator updates across 25 symbols (persisting last 60 rows per symbol)
2026-04-28 11:15:36,863 - INFO - Wrote 1500 indicator updates to DB
2026-04-28 11:15:40,298 - INFO - Update verification rate: 50/50 (100.0%)
2026-04-28 11:15:40,299 - INFO - Completed batch 10: 1500 updates written; running total 15000
2026-04-28 11:15:40,299 - INFO - Processing indicator batch 11 (25 symbols)
2026-04-28 11:15:40,710 - INFO - Computing indicators for 25 symbols with missing data
2026-04-28 11:15:43,432 - INFO - Prepared 1500 indicator updates across 25 symbols (persisting last 60 rows per symbol)
2026-04-28 11:15:44,942 - INFO - Wrote 1500 indicator updates to DB
2026-04-28 11:15:48,761 - INFO - Update verification rate: 50/50 (100.0%)
2026-04-28 11:15:48,762 - INFO - Completed batch 11: 1500 updates written; running total 16500
2026-04-28 11:15:48,762 - INFO - Processing indicator batch 12 (25 symbols)
2026-04-28 11:15:49,174 - INFO - Computing indicators for 25 symbols with missing data
2026-04-28 11:15:51,222 - INFO - Prepared 1500 indicator updates across 25 symbols (persisting last 60 rows per symbol)
2026-04-28 11:15:52,605 - INFO - Wrote 1500 indicator updates to DB
2026-04-28 11:15:56,019 - INFO - Update verification rate: 50/50 (100.0%)
2026-04-28 11:15:56,019 - INFO - Completed batch 12: 1500 updates written; running total 18000
2026-04-28 11:15:56,019 - INFO - Processing indicator batch 13 (25 symbols)
2026-04-28 11:15:56,431 - INFO - Computing indicators for 25 symbols with missing data
2026-04-28 11:15:58,857 - INFO - Prepared 1500 indicator updates across 25 symbols (persisting last 60 rows per symbol)
2026-04-28 11:16:00,975 - INFO - Wrote 1500 indicator updates to DB
2026-04-28 11:16:05,490 - INFO - Update verification rate: 50/50 (100.0%)
2026-04-28 11:16:05,492 - INFO - Completed batch 13: 1500 updates written; running total 19500
2026-04-28 11:16:05,492 - INFO - Processing indicator batch 14 (25 symbols)
2026-04-28 11:16:05,862 - INFO - Computing indicators for 25 symbols with missing data
2026-04-28 11:16:07,771 - INFO - Prepared 1500 indicator updates across 25 symbols (persisting last 60 rows per symbol)
2026-04-28 11:16:09,326 - INFO - Wrote 1500 indicator updates to DB
2026-04-28 11:16:12,773 - INFO - Update verification rate: 50/50 (100.0%)
2026-04-28 11:16:12,774 - INFO - Completed batch 14: 1500 updates written; running total 21000
2026-04-28 11:16:12,774 - INFO - Processing indicator batch 15 (25 symbols)
2026-04-28 11:16:13,165 - INFO - Computing indicators for 25 symbols with missing data
2026-04-28 11:16:15,606 - INFO - Prepared 1500 indicator updates across 25 symbols (persisting last 60 rows per symbol)
2026-04-28 11:16:16,845 - INFO - Wrote 1500 indicator updates to DB
2026-04-28 11:16:20,329 - INFO - Update verification rate: 50/50 (100.0%)
2026-04-28 11:16:20,331 - INFO - Completed batch 15: 1500 updates written; running total 22500
2026-04-28 11:16:20,331 - INFO - Processing indicator batch 16 (25 symbols)
2026-04-28 11:16:20,707 - INFO - Computing indicators for 25 symbols with missing data
2026-04-28 11:16:22,578 - INFO - Prepared 1500 indicator updates across 25 symbols (persisting last 60 rows per symbol)
2026-04-28 11:16:23,991 - INFO - Wrote 1500 indicator updates to DB
2026-04-28 11:16:27,430 - INFO - Update verification rate: 50/50 (100.0%)
2026-04-28 11:16:27,432 - INFO - Completed batch 16: 1500 updates written; running total 24000
2026-04-28 11:16:27,433 - INFO - Processing indicator batch 17 (25 symbols)
2026-04-28 11:16:27,922 - INFO - Computing indicators for 25 symbols with missing data
2026-04-28 11:16:30,655 - INFO - Prepared 1500 indicator updates across 25 symbols (persisting last 60 rows per symbol)
2026-04-28 11:16:32,019 - INFO - Wrote 1500 indicator updates to DB
2026-04-28 11:16:35,881 - INFO - Update verification rate: 50/50 (100.0%)
2026-04-28 11:16:35,882 - INFO - Completed batch 17: 1500 updates written; running total 25500
2026-04-28 11:16:35,882 - INFO - Processing indicator batch 18 (25 symbols)
2026-04-28 11:16:36,368 - INFO - Computing indicators for 25 symbols with missing data
2026-04-28 11:16:39,042 - INFO - Prepared 1500 indicator updates across 25 symbols (persisting last 60 rows per symbol)
2026-04-28 11:16:40,448 - INFO - Wrote 1500 indicator updates to DB
2026-04-28 11:16:43,864 - INFO - Update verification rate: 50/50 (100.0%)
2026-04-28 11:16:43,865 - INFO - Completed batch 18: 1500 updates written; running total 27000
2026-04-28 11:16:43,866 - INFO - Processing indicator batch 19 (25 symbols)
2026-04-28 11:16:44,236 - INFO - Computing indicators for 25 symbols with missing data
2026-04-28 11:16:46,572 - INFO - Prepared 1500 indicator updates across 25 symbols (persisting last 60 rows per symbol)
2026-04-28 11:16:47,939 - INFO - Wrote 1500 indicator updates to DB
2026-04-28 11:16:51,393 - INFO - Update verification rate: 50/50 (100.0%)
2026-04-28 11:16:51,395 - INFO - Completed batch 19: 1500 updates written; running total 28500
2026-04-28 11:16:51,395 - INFO - Processing indicator batch 20 (25 symbols)
2026-04-28 11:16:51,875 - INFO - Computing indicators for 25 symbols with missing data
2026-04-28 11:16:55,413 - INFO - Prepared 1500 indicator updates across 25 symbols (persisting last 60 rows per symbol)
2026-04-28 11:16:56,768 - INFO - Wrote 1500 indicator updates to DB
2026-04-28 11:17:00,174 - INFO - Update verification rate: 50/50 (100.0%)
2026-04-28 11:17:00,176 - INFO - Completed batch 20: 1500 updates written; running total 30000
2026-04-28 11:17:00,176 - INFO - Processing indicator batch 21 (25 symbols)
2026-04-28 11:17:00,542 - INFO - Computing indicators for 25 symbols with missing data
2026-04-28 11:17:02,969 - INFO - Prepared 1500 indicator updates across 25 symbols (persisting last 60 rows per symbol)
2026-04-28 11:17:04,405 - INFO - Wrote 1500 indicator updates to DB
2026-04-28 11:17:07,778 - INFO - Update verification rate: 50/50 (100.0%)
2026-04-28 11:17:07,779 - INFO - Completed batch 21: 1500 updates written; running total 31500
2026-04-28 11:17:07,779 - INFO - Processing indicator batch 22 (25 symbols)
2026-04-28 11:17:08,150 - INFO - Computing indicators for 25 symbols with missing data
2026-04-28 11:17:10,468 - INFO - Prepared 1500 indicator updates across 25 symbols (persisting last 60 rows per symbol)
2026-04-28 11:17:11,855 - INFO - Wrote 1500 indicator updates to DB
2026-04-28 11:17:15,695 - INFO - Update verification rate: 50/50 (100.0%)
2026-04-28 11:17:15,697 - INFO - Completed batch 22: 1500 updates written; running total 33000
2026-04-28 11:17:15,698 - INFO - Processing indicator batch 23 (25 symbols)
2026-04-28 11:17:16,074 - INFO - Computing indicators for 25 symbols with missing data
2026-04-28 11:17:19,482 - INFO - Prepared 1500 indicator updates across 25 symbols (persisting last 60 rows per symbol)
2026-04-28 11:17:20,860 - INFO - Wrote 1500 indicator updates to DB
2026-04-28 11:17:25,468 - INFO - Update verification rate: 50/50 (100.0%)
2026-04-28 11:17:25,469 - INFO - Completed batch 23: 1500 updates written; running total 34500
2026-04-28 11:17:25,469 - INFO - Processing indicator batch 24 (25 symbols)
2026-04-28 11:17:25,877 - INFO - Computing indicators for 25 symbols with missing data
2026-04-28 11:17:28,679 - INFO - Prepared 1500 indicator updates across 25 symbols (persisting last 60 rows per symbol)
2026-04-28 11:17:29,949 - INFO - Wrote 1500 indicator updates to DB
2026-04-28 11:17:34,497 - INFO - Update verification rate: 50/50 (100.0%)
2026-04-28 11:17:34,499 - INFO - Completed batch 24: 1500 updates written; running total 36000
2026-04-28 11:17:34,499 - INFO - Processing indicator batch 25 (25 symbols)
2026-04-28 11:17:34,911 - INFO - Computing indicators for 25 symbols with missing data
2026-04-28 11:17:37,676 - WARNING - Symbol JSWDULUX has insufficient data: 16 rows
2026-04-28 11:17:37,704 - INFO - Prepared 1440 indicator updates across 25 symbols (persisting last 60 rows per symbol)
2026-04-28 11:17:39,609 - INFO - Wrote 1440 indicator updates to DB
2026-04-28 11:17:43,024 - INFO - Update verification rate: 50/50 (100.0%)
2026-04-28 11:17:43,025 - INFO - Completed batch 25: 1440 updates written; running total 37440
2026-04-28 11:17:43,025 - INFO - Processing indicator batch 26 (25 symbols)
2026-04-28 11:17:43,392 - INFO - Computing indicators for 25 symbols with missing data
2026-04-28 11:17:46,166 - INFO - Prepared 1500 indicator updates across 25 symbols (persisting last 60 rows per symbol)
2026-04-28 11:17:47,568 - INFO - Wrote 1500 indicator updates to DB
2026-04-28 11:17:51,417 - INFO - Update verification rate: 50/50 (100.0%)
2026-04-28 11:17:51,418 - INFO - Completed batch 26: 1500 updates written; running total 38940
2026-04-28 11:17:51,419 - INFO - Processing indicator batch 27 (25 symbols)
2026-04-28 11:17:51,783 - INFO - Computing indicators for 25 symbols with missing data
2026-04-28 11:17:53,537 - INFO - Prepared 1500 indicator updates across 25 symbols (persisting last 60 rows per symbol)
2026-04-28 11:17:54,891 - INFO - Wrote 1500 indicator updates to DB
2026-04-28 11:17:58,240 - INFO - Update verification rate: 50/50 (100.0%)
2026-04-28 11:17:58,241 - INFO - Completed batch 27: 1500 updates written; running total 40440
2026-04-28 11:17:58,241 - INFO - Processing indicator batch 28 (25 symbols)
2026-04-28 11:17:58,608 - INFO - Computing indicators for 25 symbols with missing data
2026-04-28 11:18:00,707 - INFO - Prepared 1500 indicator updates across 25 symbols (persisting last 60 rows per symbol)
2026-04-28 11:18:02,050 - INFO - Wrote 1500 indicator updates to DB
2026-04-28 11:18:05,517 - INFO - Update verification rate: 50/50 (100.0%)
2026-04-28 11:18:05,518 - INFO - Completed batch 28: 1500 updates written; running total 41940
2026-04-28 11:18:05,519 - INFO - Processing indicator batch 29 (25 symbols)
2026-04-28 11:18:05,976 - INFO - Computing indicators for 25 symbols with missing data
2026-04-28 11:18:08,379 - INFO - Prepared 1500 indicator updates across 25 symbols (persisting last 60 rows per symbol)
2026-04-28 11:18:11,481 - INFO - Wrote 1500 indicator updates to DB
2026-04-28 11:18:16,057 - INFO - Update verification rate: 50/50 (100.0%)
2026-04-28 11:18:16,058 - INFO - Completed batch 29: 1500 updates written; running total 43440
2026-04-28 11:18:16,059 - INFO - Processing indicator batch 30 (25 symbols)
2026-04-28 11:18:16,469 - INFO - Computing indicators for 25 symbols with missing data
2026-04-28 11:18:18,626 - INFO - Prepared 1500 indicator updates across 25 symbols (persisting last 60 rows per symbol)
2026-04-28 11:18:20,023 - INFO - Wrote 1500 indicator updates to DB
2026-04-28 11:18:23,345 - INFO - Update verification rate: 50/50 (100.0%)
2026-04-28 11:18:23,345 - INFO - Completed batch 30: 1500 updates written; running total 44940
2026-04-28 11:18:23,345 - INFO - Processing indicator batch 31 (25 symbols)
2026-04-28 11:18:23,741 - INFO - Computing indicators for 25 symbols with missing data
2026-04-28 11:18:26,272 - INFO - Prepared 1500 indicator updates across 25 symbols (persisting last 60 rows per symbol)
2026-04-28 11:18:27,568 - INFO - Wrote 1500 indicator updates to DB
2026-04-28 11:18:32,065 - INFO - Update verification rate: 50/50 (100.0%)
2026-04-28 11:18:32,067 - INFO - Completed batch 31: 1500 updates written; running total 46440
2026-04-28 11:18:32,067 - INFO - Processing indicator batch 32 (25 symbols)
2026-04-28 11:18:32,428 - INFO - Computing indicators for 25 symbols with missing data
2026-04-28 11:18:34,794 - INFO - Prepared 1500 indicator updates across 25 symbols (persisting last 60 rows per symbol)
2026-04-28 11:18:36,064 - INFO - Wrote 1500 indicator updates to DB
2026-04-28 11:18:39,498 - INFO - Update verification rate: 50/50 (100.0%)
2026-04-28 11:18:39,499 - INFO - Completed batch 32: 1500 updates written; running total 47940
2026-04-28 11:18:39,499 - INFO - Processing indicator batch 33 (25 symbols)
2026-04-28 11:18:39,917 - INFO - Computing indicators for 25 symbols with missing data
2026-04-28 11:18:43,357 - WARNING - Symbol SKFINDUS has insufficient data: 8 rows
2026-04-28 11:18:43,561 - INFO - Prepared 1440 indicator updates across 25 symbols (persisting last 60 rows per symbol)
2026-04-28 11:18:44,835 - INFO - Wrote 1440 indicator updates to DB
2026-04-28 11:18:48,291 - INFO - Update verification rate: 50/50 (100.0%)
2026-04-28 11:18:48,293 - INFO - Completed batch 33: 1440 updates written; running total 49380
2026-04-28 11:18:48,293 - INFO - Processing indicator batch 34 (25 symbols)
2026-04-28 11:18:48,663 - INFO - Computing indicators for 25 symbols with missing data
2026-04-28 11:18:50,444 - INFO - Prepared 1500 indicator updates across 25 symbols (persisting last 60 rows per symbol)
2026-04-28 11:18:52,033 - INFO - Wrote 1500 indicator updates to DB
2026-04-28 11:18:56,533 - INFO - Update verification rate: 50/50 (100.0%)
2026-04-28 11:18:56,534 - INFO - Completed batch 34: 1500 updates written; running total 50880
2026-04-28 11:18:56,534 - INFO - Processing indicator batch 35 (25 symbols)
2026-04-28 11:18:56,948 - INFO - Computing indicators for 25 symbols with missing data
2026-04-28 11:18:59,755 - INFO - Prepared 1500 indicator updates across 25 symbols (persisting last 60 rows per symbol)
2026-04-28 11:19:01,147 - INFO - Wrote 1500 indicator updates to DB
2026-04-28 11:19:04,502 - INFO - Update verification rate: 50/50 (100.0%)
2026-04-28 11:19:04,503 - INFO - Completed batch 35: 1500 updates written; running total 52380
2026-04-28 11:19:04,504 - INFO - Processing indicator batch 36 (17 symbols)
2026-04-28 11:19:04,908 - INFO - Computing indicators for 17 symbols with missing data
2026-04-28 11:19:06,696 - INFO - Prepared 1020 indicator updates across 17 symbols (persisting last 60 rows per symbol)
2026-04-28 11:19:07,889 - INFO - Wrote 1020 indicator updates to DB
2026-04-28 11:19:11,359 - INFO - Update verification rate: 50/50 (100.0%)
2026-04-28 11:19:11,361 - INFO - Completed batch 36: 1020 updates written; running total 53400
2026-04-28 11:19:11,932 - INFO - Post-update validation: 1/499 NULL EMA-50 (0.2%)
2026-04-28 11:19:11,999 - INFO - Indicator validation passed: NULL rate 0.2%
2026-04-28 11:19:11,999 - INFO - Indicator fix complete; NULL EMA-50 rate: 0.2%; total updates written: 53400
[3/5] Running Regime Engine...
/home/immanuels/Documents/mri-int-1/engine_core/regime_engine.py:1: DeprecationWarning: 
Pyarrow will become a required dependency of pandas in the next major release of pandas (pandas 3.0),
(to allow more performant data types, such as the Arrow string type, and better interoperability with other libraries)
but was not found to be installed on your system.
If this would cause problems for you,
please provide us feedback at https://github.com/pandas-dev/pandas/issues/54466
        
  import pandas as pd
INFO:__main__:Market regime and stock scores tables ready.
INFO:__main__:Computing Market Regime based on Nifty 50...
DEBUG: LOADING engine_core/regime_engine.py VERSION 100.5
Traceback (most recent call last):
  File "/home/immanuels/Documents/mri-int-1/engine_core/regime_engine.py", line 289, in <module>
    compute_market_regime()
  File "/home/immanuels/Documents/mri-int-1/engine_core/regime_engine.py", line 131, in compute_market_regime
    execute_batch(cur, sql, update_data, page_size=100)
  File "/home/immanuels/Documents/mri-int-1/venv/lib/python3.12/site-packages/psycopg2/extras.py", line 1216, in execute_batch
    cur.execute(b";".join(sqls))
  File "/home/immanuels/Documents/mri-int-1/venv/lib/python3.12/site-packages/psycopg2/extras.py", line 236, in execute
    return super().execute(query, vars)
           ^^^^^^^^^^^^^^^^^^^^^^^^^^^^
psycopg2.errors.UndefinedColumn: column "ema_50" of relation "market_regime" does not exist
LINE 2:         INSERT INTO public.market_regime (date, ema_50, ema_...
                                                        ^

[4/5] Generating client signals...
2026-04-28 11:19:14,332 - INFO - === Signal Generator — 2026-04-28 ===
2026-04-28 11:19:14,459 - INFO - Current Regime: BEAR
2026-04-28 11:19:14,819 - INFO - Stocks scored: 495
2026-04-28 11:19:14,946 - INFO - Prices available: 499
2026-04-28 11:19:17,934 - INFO - Updated Hall of Fame tracking for 50 top-scoring stocks.
2026-04-28 11:19:18,589 - INFO - Updated Strategy Shadow Tracker for 10 current candidates.
2026-04-28 11:19:18,658 - INFO - Active clients: 4
2026-04-28 11:19:18,964 - INFO - === Signal Generation Complete: 0 signals for 4 clients ===
[5/6] Sending signal emails via SES...
2026-04-28 11:19:21,494 - ERROR - ❌ AWS credentials missing: cannot send SES signal emails. Set AWS_ACCESS_KEY_ID/AWS_SECRET_ACCESS_KEY on the pipeline runner.
2026-04-28 11:19:23,889 - ERROR - ❌ AWS credentials missing for STEE emails.
[6/6] Running Pipeline Health Monitor...
2026-04-28 11:19:24,074 - INFO - === Starting Pipeline Health Audit ===
2026-04-28 11:19:24,576 - ERROR - Integrity check FAILED: 2 issues found.
2026-04-28 11:19:26,597 - WARNING - Email alerts disabled: credentials or SENDER_EMAIL missing.
=== Cloud Pipeline Complete — Tuesday 28 April 2026 11:19:26 AM IST ===
=== MRI Cloud Pipeline — Tuesday 28 April 2026 11:25:57 AM IST ===
[1/5] Ingesting today's market data...
<stdin>:1: DeprecationWarning: 
Pyarrow will become a required dependency of pandas in the next major release of pandas (pandas 3.0),
(to allow more performant data types, such as the Arrow string type, and better interoperability with other libraries)
but was not found to be installed on your system.
If this would cause problems for you,
please provide us feedback at https://github.com/pandas-dev/pandas/issues/54466
        
/home/immanuels/Documents/mri-int-1/venv/lib/python3.12/site-packages/requests/__init__.py:109: RequestsDependencyWarning: urllib3 (2.6.3) or chardet (7.4.3)/charset_normalizer (3.4.7) doesn't match a supported version!
  warnings.warn(
INFO:engine_core.ingestion_engine:📡 [engine_core] Ingesting Index Data...
INFO:engine_core.db:✅ Core schema initialized (market_index_prices hardened)
INFO:engine_core.ingestion_engine:  ✅ NIFTY50 synced (299 rows).
INFO:engine_core.ingestion_engine:  ✅ SENSEX synced (299 rows).
INFO:engine_core.ingestion_engine:📡 [engine_core] Processing 500 stocks (CSV list)...
WARNING:engine_core.ingestion_engine:  ⚠️ ABFRL rejected by Audit: Detected suspicious >50% price spike
INFO:engine_core.ingestion_engine:✅ CSV Ingestion Complete: 499/500 symbols synced.
[2/5] Running Indicator Engine...
/home/immanuels/Documents/mri-int-1/engine_core/indicator_engine.py:5: DeprecationWarning: 
Pyarrow will become a required dependency of pandas in the next major release of pandas (pandas 3.0),
(to allow more performant data types, such as the Arrow string type, and better interoperability with other libraries)
but was not found to be installed on your system.
If this would cause problems for you,
please provide us feedback at https://github.com/pandas-dev/pandas/issues/54466
        
  import pandas as pd
2026-04-28 11:29:50,039 - INFO - Starting validated indicator recomputation
2026-04-28 11:29:52,217 - INFO - Found 892 symbols with NULL indicators
2026-04-28 11:29:52,218 - INFO - Processing indicator batch 1 (25 symbols)
2026-04-28 11:29:52,735 - INFO - Computing indicators for 25 symbols with missing data
2026-04-28 11:29:54,753 - INFO - Prepared 1500 indicator updates across 25 symbols (persisting last 60 rows per symbol)
2026-04-28 11:29:56,172 - INFO - Wrote 1500 indicator updates to DB
2026-04-28 11:29:59,966 - INFO - Update verification rate: 50/50 (100.0%)
2026-04-28 11:29:59,967 - INFO - Completed batch 1: 1500 updates written; running total 1500
2026-04-28 11:29:59,967 - INFO - Processing indicator batch 2 (25 symbols)
2026-04-28 11:30:01,011 - INFO - Computing indicators for 25 symbols with missing data
2026-04-28 11:30:02,949 - INFO - Prepared 1500 indicator updates across 25 symbols (persisting last 60 rows per symbol)
2026-04-28 11:30:04,300 - INFO - Wrote 1500 indicator updates to DB
2026-04-28 11:30:07,804 - INFO - Update verification rate: 50/50 (100.0%)
2026-04-28 11:30:07,805 - INFO - Completed batch 2: 1500 updates written; running total 3000
2026-04-28 11:30:07,806 - INFO - Processing indicator batch 3 (25 symbols)
2026-04-28 11:30:08,591 - INFO - Computing indicators for 25 symbols with missing data
2026-04-28 11:30:12,604 - INFO - Prepared 1500 indicator updates across 25 symbols (persisting last 60 rows per symbol)
2026-04-28 11:30:14,615 - INFO - Wrote 1500 indicator updates to DB
2026-04-28 11:30:21,897 - INFO - Update verification rate: 50/50 (100.0%)
2026-04-28 11:30:21,899 - INFO - Completed batch 3: 1500 updates written; running total 4500
2026-04-28 11:30:21,899 - INFO - Processing indicator batch 4 (25 symbols)
2026-04-28 11:30:22,359 - INFO - Computing indicators for 25 symbols with missing data
2026-04-28 11:30:25,341 - INFO - Prepared 1500 indicator updates across 25 symbols (persisting last 60 rows per symbol)
2026-04-28 11:30:26,657 - INFO - Wrote 1500 indicator updates to DB
2026-04-28 11:30:31,324 - INFO - Update verification rate: 50/50 (100.0%)
2026-04-28 11:30:31,325 - INFO - Completed batch 4: 1500 updates written; running total 6000
2026-04-28 11:30:31,326 - INFO - Processing indicator batch 5 (25 symbols)
2026-04-28 11:30:31,701 - INFO - Computing indicators for 25 symbols with missing data
2026-04-28 11:30:34,356 - INFO - Prepared 1500 indicator updates across 25 symbols (persisting last 60 rows per symbol)
2026-04-28 11:30:35,592 - INFO - Wrote 1500 indicator updates to DB
2026-04-28 11:30:40,181 - INFO - Update verification rate: 50/50 (100.0%)
2026-04-28 11:30:40,182 - INFO - Completed batch 5: 1500 updates written; running total 7500
2026-04-28 11:30:40,182 - INFO - Processing indicator batch 6 (25 symbols)
2026-04-28 11:30:40,598 - INFO - Computing indicators for 25 symbols with missing data
2026-04-28 11:30:43,473 - INFO - Prepared 1500 indicator updates across 25 symbols (persisting last 60 rows per symbol)
2026-04-28 11:30:44,799 - INFO - Wrote 1500 indicator updates to DB
2026-04-28 11:30:48,607 - INFO - Update verification rate: 50/50 (100.0%)
2026-04-28 11:30:48,607 - INFO - Completed batch 6: 1500 updates written; running total 9000
2026-04-28 11:30:48,608 - INFO - Processing indicator batch 7 (25 symbols)
2026-04-28 11:30:49,015 - INFO - Computing indicators for 25 symbols with missing data
2026-04-28 11:30:51,271 - INFO - Prepared 1500 indicator updates across 25 symbols (persisting last 60 rows per symbol)
2026-04-28 11:30:52,599 - INFO - Wrote 1500 indicator updates to DB
2026-04-28 11:30:59,928 - INFO - Update verification rate: 50/50 (100.0%)
2026-04-28 11:30:59,929 - INFO - Completed batch 7: 1500 updates written; running total 10500
2026-04-28 11:30:59,930 - INFO - Processing indicator batch 8 (25 symbols)
2026-04-28 11:31:00,393 - INFO - Computing indicators for 25 symbols with missing data
2026-04-28 11:31:04,047 - INFO - Prepared 1500 indicator updates across 25 symbols (persisting last 60 rows per symbol)
2026-04-28 11:31:08,569 - INFO - Wrote 1500 indicator updates to DB
2026-04-28 11:31:15,556 - INFO - Update verification rate: 50/50 (100.0%)
2026-04-28 11:31:15,557 - INFO - Completed batch 8: 1500 updates written; running total 12000
2026-04-28 11:31:15,557 - INFO - Processing indicator batch 9 (25 symbols)
2026-04-28 11:31:17,051 - INFO - Computing indicators for 25 symbols with missing data
2026-04-28 11:31:22,218 - INFO - Prepared 1500 indicator updates across 25 symbols (persisting last 60 rows per symbol)
2026-04-28 11:31:27,365 - INFO - Wrote 1500 indicator updates to DB
2026-04-28 11:31:55,614 - WARNING - Failed to connect with DATABASE_URL: connection to server at "ep-bold-mud-a1zbtu4d-pooler.ap-southeast-1.aws.neon.tech" (52.220.170.93), port 5432 failed: SSL SYSCALL error: EOF detected

2026-04-28 11:31:55,615 - ERROR - Indicator computation failed validation
Traceback (most recent call last):
  File "/home/immanuels/Documents/mri-int-1/engine_core/indicator_engine.py", line 337, in update_db_with_indicators
    verify_updates_written(updates)
  File "/home/immanuels/Documents/mri-int-1/engine_core/indicator_engine.py", line 266, in verify_updates_written
    conn = get_connection()
           ^^^^^^^^^^^^^^^^
  File "/home/immanuels/Documents/mri-int-1/engine_core/db.py", line 24, in get_connection
    conn = psycopg2.connect(database_url, cursor_factory=RealDictCursor)
           ^^^^^^^^^^^^^^^^^^^^^^^^^^^^^^^^^^^^^^^^^^^^^^^^^^^^^^^^^^^^^
  File "/home/immanuels/Documents/mri-int-1/venv/lib/python3.12/site-packages/psycopg2/__init__.py", line 122, in connect
    conn = _connect(dsn, connection_factory=connection_factory, **kwasync)
           ^^^^^^^^^^^^^^^^^^^^^^^^^^^^^^^^^^^^^^^^^^^^^^^^^^^^^^^^^^^^^^^
psycopg2.OperationalError: connection to server at "ep-bold-mud-a1zbtu4d-pooler.ap-southeast-1.aws.neon.tech" (52.220.170.93), port 5432 failed: SSL SYSCALL error: EOF detected


The above exception was the direct cause of the following exception:

Traceback (most recent call last):
  File "/home/immanuels/Documents/mri-int-1/engine_core/indicator_engine.py", line 445, in compute_indicators_all
    update_db_with_indicators(updates)
  File "/home/immanuels/Documents/mri-int-1/engine_core/indicator_engine.py", line 340, in update_db_with_indicators
    raise IndicatorComputationError(f"Failed to update indicators: {exc}") from exc
IndicatorComputationError: Failed to update indicators: connection to server at "ep-bold-mud-a1zbtu4d-pooler.ap-southeast-1.aws.neon.tech" (52.220.170.93), port 5432 failed: SSL SYSCALL error: EOF detected

Traceback (most recent call last):
  File "/home/immanuels/Documents/mri-int-1/engine_core/indicator_engine.py", line 337, in update_db_with_indicators
    verify_updates_written(updates)
  File "/home/immanuels/Documents/mri-int-1/engine_core/indicator_engine.py", line 266, in verify_updates_written
    conn = get_connection()
           ^^^^^^^^^^^^^^^^
  File "/home/immanuels/Documents/mri-int-1/engine_core/db.py", line 24, in get_connection
    conn = psycopg2.connect(database_url, cursor_factory=RealDictCursor)
           ^^^^^^^^^^^^^^^^^^^^^^^^^^^^^^^^^^^^^^^^^^^^^^^^^^^^^^^^^^^^^
  File "/home/immanuels/Documents/mri-int-1/venv/lib/python3.12/site-packages/psycopg2/__init__.py", line 122, in connect
    conn = _connect(dsn, connection_factory=connection_factory, **kwasync)
           ^^^^^^^^^^^^^^^^^^^^^^^^^^^^^^^^^^^^^^^^^^^^^^^^^^^^^^^^^^^^^^^
psycopg2.OperationalError: connection to server at "ep-bold-mud-a1zbtu4d-pooler.ap-southeast-1.aws.neon.tech" (52.220.170.93), port 5432 failed: SSL SYSCALL error: EOF detected


The above exception was the direct cause of the following exception:

Traceback (most recent call last):
  File "/home/immanuels/Documents/mri-int-1/engine_core/indicator_engine.py", line 483, in <module>
    compute_indicators_all(max_batches=batch_limit)
  File "/home/immanuels/Documents/mri-int-1/engine_core/indicator_engine.py", line 445, in compute_indicators_all
    update_db_with_indicators(updates)
  File "/home/immanuels/Documents/mri-int-1/engine_core/indicator_engine.py", line 340, in update_db_with_indicators
    raise IndicatorComputationError(f"Failed to update indicators: {exc}") from exc
IndicatorComputationError: Failed to update indicators: connection to server at "ep-bold-mud-a1zbtu4d-pooler.ap-southeast-1.aws.neon.tech" (52.220.170.93), port 5432 failed: SSL SYSCALL error: EOF detected

=== MRI Cloud Pipeline — Tuesday 28 April 2026 11:33:01 AM IST ===
[1/5] Ingesting today's market data...
<stdin>:1: DeprecationWarning: 
Pyarrow will become a required dependency of pandas in the next major release of pandas (pandas 3.0),
(to allow more performant data types, such as the Arrow string type, and better interoperability with other libraries)
but was not found to be installed on your system.
If this would cause problems for you,
please provide us feedback at https://github.com/pandas-dev/pandas/issues/54466
        
/home/immanuels/Documents/mri-int-1/venv/lib/python3.12/site-packages/requests/__init__.py:109: RequestsDependencyWarning: urllib3 (2.6.3) or chardet (7.4.3)/charset_normalizer (3.4.7) doesn't match a supported version!
  warnings.warn(
INFO:engine_core.ingestion_engine:📡 [engine_core] Ingesting Index Data...
INFO:engine_core.db:✅ Core schema initialized (market_index_prices hardened)
INFO:engine_core.ingestion_engine:  ✅ NIFTY50 synced (299 rows).
INFO:engine_core.ingestion_engine:  ✅ SENSEX synced (299 rows).
INFO:engine_core.ingestion_engine:📡 [engine_core] Processing 500 stocks (CSV list)...
WARNING:engine_core.ingestion_engine:  ⚠️ ABFRL rejected by Audit: Detected suspicious >50% price spike
INFO:engine_core.ingestion_engine:✅ CSV Ingestion Complete: 499/500 symbols synced.
[2/5] Running Indicator Engine...
/home/immanuels/Documents/mri-int-1/engine_core/indicator_engine.py:5: DeprecationWarning: 
Pyarrow will become a required dependency of pandas in the next major release of pandas (pandas 3.0),
(to allow more performant data types, such as the Arrow string type, and better interoperability with other libraries)
but was not found to be installed on your system.
If this would cause problems for you,
please provide us feedback at https://github.com/pandas-dev/pandas/issues/54466
        
  import pandas as pd
2026-04-28 11:37:01,308 - INFO - Starting validated indicator recomputation
2026-04-28 11:37:04,875 - INFO - Found 892 symbols with NULL indicators
2026-04-28 11:37:04,876 - INFO - Processing indicator batch 1 (25 symbols)
2026-04-28 11:37:05,868 - INFO - Computing indicators for 25 symbols with missing data
2026-04-28 11:37:09,079 - INFO - Prepared 1500 indicator updates across 25 symbols (persisting last 60 rows per symbol)
2026-04-28 11:37:10,511 - INFO - Wrote 1500 indicator updates to DB
2026-04-28 11:37:15,244 - INFO - Update verification rate: 50/50 (100.0%)
2026-04-28 11:37:15,245 - INFO - Completed batch 1: 1500 updates written; running total 1500
2026-04-28 11:37:15,245 - INFO - Processing indicator batch 2 (25 symbols)
2026-04-28 11:37:15,662 - INFO - Computing indicators for 25 symbols with missing data
2026-04-28 11:37:18,293 - INFO - Prepared 1500 indicator updates across 25 symbols (persisting last 60 rows per symbol)
2026-04-28 11:37:20,419 - INFO - Wrote 1500 indicator updates to DB
2026-04-28 11:37:25,296 - INFO - Update verification rate: 50/50 (100.0%)
2026-04-28 11:37:25,297 - INFO - Completed batch 2: 1500 updates written; running total 3000
2026-04-28 11:37:25,297 - INFO - Processing indicator batch 3 (25 symbols)
2026-04-28 11:37:25,922 - INFO - Computing indicators for 25 symbols with missing data
2026-04-28 11:37:28,245 - INFO - Prepared 1500 indicator updates across 25 symbols (persisting last 60 rows per symbol)
2026-04-28 11:37:29,494 - INFO - Wrote 1500 indicator updates to DB
2026-04-28 11:37:32,960 - INFO - Update verification rate: 50/50 (100.0%)
2026-04-28 11:37:32,962 - INFO - Completed batch 3: 1500 updates written; running total 4500
2026-04-28 11:37:32,962 - INFO - Processing indicator batch 4 (25 symbols)
2026-04-28 11:37:33,452 - INFO - Computing indicators for 25 symbols with missing data
2026-04-28 11:37:37,018 - INFO - Prepared 1500 indicator updates across 25 symbols (persisting last 60 rows per symbol)
2026-04-28 11:37:38,260 - INFO - Wrote 1500 indicator updates to DB
2026-04-28 11:37:42,351 - INFO - Update verification rate: 50/50 (100.0%)
2026-04-28 11:37:42,352 - INFO - Completed batch 4: 1500 updates written; running total 6000
2026-04-28 11:37:42,352 - INFO - Processing indicator batch 5 (25 symbols)
2026-04-28 11:37:42,826 - INFO - Computing indicators for 25 symbols with missing data
2026-04-28 11:37:45,431 - INFO - Prepared 1500 indicator updates across 25 symbols (persisting last 60 rows per symbol)
2026-04-28 11:37:46,712 - INFO - Wrote 1500 indicator updates to DB
2026-04-28 11:37:51,635 - INFO - Update verification rate: 50/50 (100.0%)
2026-04-28 11:37:51,636 - INFO - Completed batch 5: 1500 updates written; running total 7500
2026-04-28 11:37:51,637 - INFO - Processing indicator batch 6 (25 symbols)
2026-04-28 11:37:52,039 - INFO - Computing indicators for 25 symbols with missing data
2026-04-28 11:37:54,607 - INFO - Prepared 1500 indicator updates across 25 symbols (persisting last 60 rows per symbol)
2026-04-28 11:37:56,122 - INFO - Wrote 1500 indicator updates to DB
2026-04-28 11:37:59,602 - INFO - Update verification rate: 50/50 (100.0%)
2026-04-28 11:37:59,603 - INFO - Completed batch 6: 1500 updates written; running total 9000
2026-04-28 11:37:59,603 - INFO - Processing indicator batch 7 (25 symbols)
2026-04-28 11:37:59,971 - INFO - Computing indicators for 25 symbols with missing data
2026-04-28 11:38:02,334 - INFO - Prepared 1500 indicator updates across 25 symbols (persisting last 60 rows per symbol)
2026-04-28 11:38:04,158 - INFO - Wrote 1500 indicator updates to DB
2026-04-28 11:38:09,450 - INFO - Update verification rate: 50/50 (100.0%)
2026-04-28 11:38:09,451 - INFO - Completed batch 7: 1500 updates written; running total 10500
2026-04-28 11:38:09,451 - INFO - Processing indicator batch 8 (25 symbols)
2026-04-28 11:38:09,915 - INFO - Computing indicators for 25 symbols with missing data
2026-04-28 11:38:12,250 - INFO - Prepared 1500 indicator updates across 25 symbols (persisting last 60 rows per symbol)
2026-04-28 11:38:13,854 - INFO - Wrote 1500 indicator updates to DB
2026-04-28 11:38:17,280 - INFO - Update verification rate: 50/50 (100.0%)
2026-04-28 11:38:17,282 - INFO - Completed batch 8: 1500 updates written; running total 12000
2026-04-28 11:38:17,282 - INFO - Processing indicator batch 9 (25 symbols)
2026-04-28 11:38:17,701 - INFO - Computing indicators for 25 symbols with missing data
2026-04-28 11:38:20,921 - INFO - Prepared 1500 indicator updates across 25 symbols (persisting last 60 rows per symbol)
2026-04-28 11:38:22,328 - INFO - Wrote 1500 indicator updates to DB
2026-04-28 11:38:26,187 - INFO - Update verification rate: 50/50 (100.0%)
2026-04-28 11:38:26,188 - INFO - Completed batch 9: 1500 updates written; running total 13500
2026-04-28 11:38:26,188 - INFO - Processing indicator batch 10 (25 symbols)
2026-04-28 11:38:26,555 - INFO - Computing indicators for 25 symbols with missing data
2026-04-28 11:38:29,061 - INFO - Prepared 1500 indicator updates across 25 symbols (persisting last 60 rows per symbol)
2026-04-28 11:38:30,503 - INFO - Wrote 1500 indicator updates to DB
2026-04-28 11:38:35,073 - INFO - Update verification rate: 50/50 (100.0%)
2026-04-28 11:38:35,074 - INFO - Completed batch 10: 1500 updates written; running total 15000
2026-04-28 11:38:35,075 - INFO - Processing indicator batch 11 (25 symbols)
2026-04-28 11:38:35,523 - INFO - Computing indicators for 25 symbols with missing data
2026-04-28 11:38:37,777 - INFO - Prepared 1500 indicator updates across 25 symbols (persisting last 60 rows per symbol)
2026-04-28 11:38:39,494 - INFO - Wrote 1500 indicator updates to DB
2026-04-28 11:38:43,106 - INFO - Update verification rate: 50/50 (100.0%)
2026-04-28 11:38:43,107 - INFO - Completed batch 11: 1500 updates written; running total 16500
2026-04-28 11:38:43,108 - INFO - Processing indicator batch 12 (25 symbols)
2026-04-28 11:38:43,480 - INFO - Computing indicators for 25 symbols with missing data
2026-04-28 11:38:45,625 - INFO - Prepared 1500 indicator updates across 25 symbols (persisting last 60 rows per symbol)
2026-04-28 11:38:46,791 - INFO - Wrote 1500 indicator updates to DB
2026-04-28 11:38:50,512 - INFO - Update verification rate: 50/50 (100.0%)
2026-04-28 11:38:50,513 - INFO - Completed batch 12: 1500 updates written; running total 18000
2026-04-28 11:38:50,514 - INFO - Processing indicator batch 13 (25 symbols)
2026-04-28 11:38:50,888 - INFO - Computing indicators for 25 symbols with missing data
2026-04-28 11:38:52,956 - INFO - Prepared 1500 indicator updates across 25 symbols (persisting last 60 rows per symbol)
2026-04-28 11:38:54,712 - INFO - Wrote 1500 indicator updates to DB
2026-04-28 11:38:58,079 - INFO - Update verification rate: 50/50 (100.0%)
2026-04-28 11:38:58,080 - INFO - Completed batch 13: 1500 updates written; running total 19500
2026-04-28 11:38:58,081 - INFO - Processing indicator batch 14 (25 symbols)
2026-04-28 11:38:58,442 - INFO - Computing indicators for 25 symbols with missing data
2026-04-28 11:39:00,814 - INFO - Prepared 1500 indicator updates across 25 symbols (persisting last 60 rows per symbol)
2026-04-28 11:39:02,665 - INFO - Wrote 1500 indicator updates to DB
2026-04-28 11:39:07,104 - INFO - Update verification rate: 50/50 (100.0%)
2026-04-28 11:39:07,105 - INFO - Completed batch 14: 1500 updates written; running total 21000
2026-04-28 11:39:07,105 - INFO - Processing indicator batch 15 (25 symbols)
2026-04-28 11:39:07,584 - INFO - Computing indicators for 25 symbols with missing data
2026-04-28 11:39:10,636 - INFO - Prepared 1500 indicator updates across 25 symbols (persisting last 60 rows per symbol)
2026-04-28 11:39:11,940 - INFO - Wrote 1500 indicator updates to DB
2026-04-28 11:39:15,406 - INFO - Update verification rate: 50/50 (100.0%)
2026-04-28 11:39:15,407 - INFO - Completed batch 15: 1500 updates written; running total 22500
2026-04-28 11:39:15,407 - INFO - Processing indicator batch 16 (25 symbols)
2026-04-28 11:39:15,829 - INFO - Computing indicators for 25 symbols with missing data
2026-04-28 11:39:18,212 - INFO - Prepared 1500 indicator updates across 25 symbols (persisting last 60 rows per symbol)
2026-04-28 11:39:19,704 - INFO - Wrote 1500 indicator updates to DB
2026-04-28 11:39:24,639 - INFO - Update verification rate: 50/50 (100.0%)
2026-04-28 11:39:24,640 - INFO - Completed batch 16: 1500 updates written; running total 24000
2026-04-28 11:39:24,640 - INFO - Processing indicator batch 17 (25 symbols)
2026-04-28 11:39:25,075 - INFO - Computing indicators for 25 symbols with missing data
2026-04-28 11:39:27,644 - INFO - Prepared 1500 indicator updates across 25 symbols (persisting last 60 rows per symbol)
2026-04-28 11:39:29,509 - INFO - Wrote 1500 indicator updates to DB
2026-04-28 11:39:33,499 - INFO - Update verification rate: 50/50 (100.0%)
2026-04-28 11:39:33,501 - INFO - Completed batch 17: 1500 updates written; running total 25500
2026-04-28 11:39:33,501 - INFO - Processing indicator batch 18 (25 symbols)
2026-04-28 11:39:33,877 - INFO - Computing indicators for 25 symbols with missing data
2026-04-28 11:39:36,259 - INFO - Prepared 1500 indicator updates across 25 symbols (persisting last 60 rows per symbol)
2026-04-28 11:39:37,842 - INFO - Wrote 1500 indicator updates to DB
2026-04-28 11:39:41,737 - INFO - Update verification rate: 50/50 (100.0%)
2026-04-28 11:39:41,739 - INFO - Completed batch 18: 1500 updates written; running total 27000
2026-04-28 11:39:41,739 - INFO - Processing indicator batch 19 (25 symbols)
2026-04-28 11:39:42,317 - INFO - Computing indicators for 25 symbols with missing data
2026-04-28 11:39:45,275 - INFO - Prepared 1500 indicator updates across 25 symbols (persisting last 60 rows per symbol)
2026-04-28 11:39:48,303 - INFO - Wrote 1500 indicator updates to DB
2026-04-28 11:39:54,577 - INFO - Update verification rate: 50/50 (100.0%)
2026-04-28 11:39:54,579 - INFO - Completed batch 19: 1500 updates written; running total 28500
2026-04-28 11:39:54,579 - INFO - Processing indicator batch 20 (25 symbols)
2026-04-28 11:39:55,075 - INFO - Computing indicators for 25 symbols with missing data
2026-04-28 11:39:57,666 - INFO - Prepared 1500 indicator updates across 25 symbols (persisting last 60 rows per symbol)
2026-04-28 11:39:59,202 - INFO - Wrote 1500 indicator updates to DB
2026-04-28 11:40:02,741 - INFO - Update verification rate: 50/50 (100.0%)
2026-04-28 11:40:02,743 - INFO - Completed batch 20: 1500 updates written; running total 30000
2026-04-28 11:40:02,743 - INFO - Processing indicator batch 21 (25 symbols)
2026-04-28 11:40:03,131 - INFO - Computing indicators for 25 symbols with missing data
2026-04-28 11:40:05,788 - INFO - Prepared 1500 indicator updates across 25 symbols (persisting last 60 rows per symbol)
2026-04-28 11:40:07,802 - INFO - Wrote 1500 indicator updates to DB
2026-04-28 11:40:11,980 - INFO - Update verification rate: 50/50 (100.0%)
2026-04-28 11:40:11,982 - INFO - Completed batch 21: 1500 updates written; running total 31500
2026-04-28 11:40:11,982 - INFO - Processing indicator batch 22 (25 symbols)
2026-04-28 11:40:12,352 - INFO - Computing indicators for 25 symbols with missing data
2026-04-28 11:40:14,743 - INFO - Prepared 1500 indicator updates across 25 symbols (persisting last 60 rows per symbol)
2026-04-28 11:40:16,110 - INFO - Wrote 1500 indicator updates to DB
2026-04-28 11:40:19,740 - INFO - Update verification rate: 50/50 (100.0%)
2026-04-28 11:40:19,742 - INFO - Completed batch 22: 1500 updates written; running total 33000
2026-04-28 11:40:19,742 - INFO - Processing indicator batch 23 (25 symbols)
2026-04-28 11:40:20,118 - INFO - Computing indicators for 25 symbols with missing data
2026-04-28 11:40:22,677 - INFO - Prepared 1500 indicator updates across 25 symbols (persisting last 60 rows per symbol)
2026-04-28 11:40:23,855 - INFO - Wrote 1500 indicator updates to DB
2026-04-28 11:40:27,532 - INFO - Update verification rate: 50/50 (100.0%)
2026-04-28 11:40:27,533 - INFO - Completed batch 23: 1500 updates written; running total 34500
2026-04-28 11:40:27,533 - INFO - Processing indicator batch 24 (25 symbols)
2026-04-28 11:40:27,943 - INFO - Computing indicators for 25 symbols with missing data
2026-04-28 11:40:30,903 - INFO - Prepared 1500 indicator updates across 25 symbols (persisting last 60 rows per symbol)
2026-04-28 11:40:32,578 - INFO - Wrote 1500 indicator updates to DB
2026-04-28 11:40:36,064 - INFO - Update verification rate: 50/50 (100.0%)
2026-04-28 11:40:36,066 - INFO - Completed batch 24: 1500 updates written; running total 36000
2026-04-28 11:40:36,066 - INFO - Processing indicator batch 25 (25 symbols)
2026-04-28 11:40:36,490 - INFO - Computing indicators for 25 symbols with missing data
2026-04-28 11:40:39,184 - WARNING - Symbol JSWDULUX has insufficient data: 16 rows
2026-04-28 11:40:39,236 - INFO - Prepared 1440 indicator updates across 25 symbols (persisting last 60 rows per symbol)
2026-04-28 11:40:40,621 - INFO - Wrote 1440 indicator updates to DB
2026-04-28 11:40:44,213 - INFO - Update verification rate: 50/50 (100.0%)
2026-04-28 11:40:44,214 - INFO - Completed batch 25: 1440 updates written; running total 37440
2026-04-28 11:40:44,215 - INFO - Processing indicator batch 26 (25 symbols)
2026-04-28 11:40:44,697 - INFO - Computing indicators for 25 symbols with missing data
2026-04-28 11:40:47,678 - INFO - Prepared 1500 indicator updates across 25 symbols (persisting last 60 rows per symbol)
2026-04-28 11:40:50,294 - INFO - Wrote 1500 indicator updates to DB
2026-04-28 11:40:54,784 - INFO - Update verification rate: 50/50 (100.0%)
2026-04-28 11:40:54,786 - INFO - Completed batch 26: 1500 updates written; running total 38940
2026-04-28 11:40:54,786 - INFO - Processing indicator batch 27 (25 symbols)
2026-04-28 11:40:55,428 - INFO - Computing indicators for 25 symbols with missing data
2026-04-28 11:40:58,249 - INFO - Prepared 1500 indicator updates across 25 symbols (persisting last 60 rows per symbol)
2026-04-28 11:40:59,699 - INFO - Wrote 1500 indicator updates to DB
2026-04-28 11:41:03,668 - INFO - Update verification rate: 50/50 (100.0%)
2026-04-28 11:41:03,669 - INFO - Completed batch 27: 1500 updates written; running total 40440
2026-04-28 11:41:03,669 - INFO - Processing indicator batch 28 (25 symbols)
2026-04-28 11:41:04,045 - INFO - Computing indicators for 25 symbols with missing data
2026-04-28 11:41:06,406 - INFO - Prepared 1500 indicator updates across 25 symbols (persisting last 60 rows per symbol)
2026-04-28 11:41:08,331 - INFO - Wrote 1500 indicator updates to DB
2026-04-28 11:41:12,986 - INFO - Update verification rate: 50/50 (100.0%)
2026-04-28 11:41:12,988 - INFO - Completed batch 28: 1500 updates written; running total 41940
2026-04-28 11:41:12,989 - INFO - Processing indicator batch 29 (25 symbols)
2026-04-28 11:41:13,353 - INFO - Computing indicators for 25 symbols with missing data
2026-04-28 11:41:16,690 - INFO - Prepared 1500 indicator updates across 25 symbols (persisting last 60 rows per symbol)
2026-04-28 11:41:18,807 - INFO - Wrote 1500 indicator updates to DB
2026-04-28 11:41:22,288 - INFO - Update verification rate: 50/50 (100.0%)
2026-04-28 11:41:22,290 - INFO - Completed batch 29: 1500 updates written; running total 43440
2026-04-28 11:41:22,290 - INFO - Processing indicator batch 30 (25 symbols)
2026-04-28 11:41:22,783 - INFO - Computing indicators for 25 symbols with missing data
2026-04-28 11:41:25,551 - INFO - Prepared 1500 indicator updates across 25 symbols (persisting last 60 rows per symbol)
2026-04-28 11:41:27,616 - INFO - Wrote 1500 indicator updates to DB
2026-04-28 11:41:31,563 - INFO - Update verification rate: 50/50 (100.0%)
2026-04-28 11:41:31,565 - INFO - Completed batch 30: 1500 updates written; running total 44940
2026-04-28 11:41:31,565 - INFO - Processing indicator batch 31 (25 symbols)
2026-04-28 11:41:32,062 - INFO - Computing indicators for 25 symbols with missing data
2026-04-28 11:41:36,172 - INFO - Prepared 1500 indicator updates across 25 symbols (persisting last 60 rows per symbol)
2026-04-28 11:41:39,950 - INFO - Wrote 1500 indicator updates to DB
2026-04-28 11:41:44,643 - INFO - Update verification rate: 50/50 (100.0%)
2026-04-28 11:41:44,644 - INFO - Completed batch 31: 1500 updates written; running total 46440
2026-04-28 11:41:44,645 - INFO - Processing indicator batch 32 (25 symbols)
2026-04-28 11:41:45,016 - INFO - Computing indicators for 25 symbols with missing data
2026-04-28 11:41:47,438 - INFO - Prepared 1500 indicator updates across 25 symbols (persisting last 60 rows per symbol)
2026-04-28 11:41:49,044 - INFO - Wrote 1500 indicator updates to DB
2026-04-28 11:41:52,437 - INFO - Update verification rate: 50/50 (100.0%)
2026-04-28 11:41:52,438 - INFO - Completed batch 32: 1500 updates written; running total 47940
2026-04-28 11:41:52,438 - INFO - Processing indicator batch 33 (25 symbols)
2026-04-28 11:41:52,809 - INFO - Computing indicators for 25 symbols with missing data
2026-04-28 11:41:54,545 - WARNING - Symbol SKFINDUS has insufficient data: 8 rows
2026-04-28 11:41:54,925 - INFO - Prepared 1440 indicator updates across 25 symbols (persisting last 60 rows per symbol)
2026-04-28 11:41:56,113 - INFO - Wrote 1440 indicator updates to DB
2026-04-28 11:41:59,701 - INFO - Update verification rate: 50/50 (100.0%)
2026-04-28 11:41:59,703 - INFO - Completed batch 33: 1440 updates written; running total 49380
2026-04-28 11:41:59,703 - INFO - Processing indicator batch 34 (25 symbols)
2026-04-28 11:42:00,126 - INFO - Computing indicators for 25 symbols with missing data
2026-04-28 11:42:02,941 - INFO - Prepared 1500 indicator updates across 25 symbols (persisting last 60 rows per symbol)
2026-04-28 11:42:04,245 - INFO - Wrote 1500 indicator updates to DB
2026-04-28 11:42:10,715 - INFO - Update verification rate: 50/50 (100.0%)
2026-04-28 11:42:10,716 - INFO - Completed batch 34: 1500 updates written; running total 50880
2026-04-28 11:42:10,717 - INFO - Processing indicator batch 35 (25 symbols)
2026-04-28 11:42:11,251 - INFO - Computing indicators for 25 symbols with missing data
2026-04-28 11:42:13,329 - INFO - Prepared 1500 indicator updates across 25 symbols (persisting last 60 rows per symbol)
2026-04-28 11:42:14,942 - INFO - Wrote 1500 indicator updates to DB
2026-04-28 11:42:18,415 - INFO - Update verification rate: 50/50 (100.0%)
2026-04-28 11:42:18,416 - INFO - Completed batch 35: 1500 updates written; running total 52380
2026-04-28 11:42:18,416 - INFO - Processing indicator batch 36 (17 symbols)
2026-04-28 11:42:18,814 - INFO - Computing indicators for 17 symbols with missing data
2026-04-28 11:42:21,201 - INFO - Prepared 1020 indicator updates across 17 symbols (persisting last 60 rows per symbol)
2026-04-28 11:42:23,129 - INFO - Wrote 1020 indicator updates to DB
2026-04-28 11:42:27,698 - INFO - Update verification rate: 50/50 (100.0%)
2026-04-28 11:42:27,699 - INFO - Completed batch 36: 1020 updates written; running total 53400
2026-04-28 11:42:28,260 - INFO - Post-update validation: 1/499 NULL EMA-50 (0.2%)
2026-04-28 11:42:28,329 - INFO - Indicator validation passed: NULL rate 0.2%
2026-04-28 11:42:28,329 - INFO - Indicator fix complete; NULL EMA-50 rate: 0.2%; total updates written: 53400
[3/5] Running Regime Engine...
/home/immanuels/Documents/mri-int-1/engine_core/regime_engine.py:1: DeprecationWarning: 
Pyarrow will become a required dependency of pandas in the next major release of pandas (pandas 3.0),
(to allow more performant data types, such as the Arrow string type, and better interoperability with other libraries)
but was not found to be installed on your system.
If this would cause problems for you,
please provide us feedback at https://github.com/pandas-dev/pandas/issues/54466
        
  import pandas as pd
INFO:__main__:Market regime and stock scores tables ready.
INFO:__main__:Computing Market Regime based on Nifty 50...
INFO:__main__:✅ Wrote 314 rows to public.market_regime.
INFO:__main__:✅ Regime updated through 2026-04-28 -> BEARISH
INFO:__main__:Market regime and stock scores tables ready.
INFO:__main__:📊 Computing/Refreshing scores for 892 symbols...
INFO:__main__:Market regime and stock scores tables ready.
INFO:__main__:Top 10 scores for 2026-04-28:
INFO:__main__:  GLENMARK: 100 (EMA:True, Slope:True, RS:True, High:True, Vol:True)
INFO:__main__:  RRKABEL: 100 (EMA:True, Slope:True, RS:True, High:True, Vol:True)
INFO:__main__:  PIRAMALFIN: 100 (EMA:True, Slope:True, RS:True, High:True, Vol:True)
INFO:__main__:  AARTIIND: 90 (EMA:True, Slope:True, RS:True, High:True, Vol:False)
INFO:__main__:  NESTLEIND: 90 (EMA:True, Slope:True, RS:True, High:True, Vol:False)
INFO:__main__:  SCHNEIDER: 90 (EMA:True, Slope:True, RS:True, High:True, Vol:False)
INFO:__main__:  GRSE: 90 (EMA:True, Slope:True, RS:True, High:True, Vol:False)
INFO:__main__:  ASTERDM: 90 (EMA:True, Slope:True, RS:True, High:True, Vol:False)
INFO:__main__:  GRAPHITE: 90 (EMA:True, Slope:True, RS:True, High:True, Vol:False)
INFO:__main__:  STARHEALTH: 90 (EMA:True, Slope:True, RS:True, High:True, Vol:False)
INFO:__main__:✅ Scoring complete: 141078 score rows written for 892 symbols
DEBUG: LOADING engine_core/regime_engine.py VERSION 100.5
[4/5] Generating client signals...
2026-04-28 11:44:20,186 - INFO - === Signal Generator — 2026-04-28 ===
2026-04-28 11:44:20,317 - INFO - Current Regime: BEARISH
2026-04-28 11:44:20,537 - INFO - Stocks scored: 495
2026-04-28 11:44:20,697 - INFO - Prices available: 499
2026-04-28 11:44:23,091 - INFO - Updated Hall of Fame tracking for 36 top-scoring stocks.
2026-04-28 11:44:23,841 - INFO - Updated Strategy Shadow Tracker for 10 current candidates.
2026-04-28 11:44:23,906 - INFO - Active clients: 4
2026-04-28 11:44:24,492 - INFO - === Signal Generation Complete: 0 signals for 4 clients ===
[5/6] Sending signal emails via SES...
2026-04-28 11:44:27,240 - ERROR - ❌ AWS credentials missing: cannot send SES signal emails. Set AWS_ACCESS_KEY_ID/AWS_SECRET_ACCESS_KEY on the pipeline runner.
2026-04-28 11:44:29,628 - ERROR - ❌ AWS credentials missing for STEE emails.
[6/6] Running Pipeline Health Monitor...
2026-04-28 11:44:29,947 - INFO - === Starting Pipeline Health Audit ===
2026-04-28 11:44:30,441 - INFO - Integrity check PASSED. Coverage: 99.8%, Drift: 0d.
=== Cloud Pipeline Complete — Tuesday 28 April 2026 11:44:30 AM IST ===
